Component: ARM Compiler 5.06 update 6 (build 750) Tool: armlink [4d35ed]

==============================================================================

Section Cross References

    main.o(i.main) refers to system.o(i.System_Init) for System_Init
    main.o(i.main) refers to system.o(i.Task_Schedule) for Task_Schedule
    stm32f10x_it.o(i.EXTI2_IRQHandler) refers to stm32f10x_exti.o(i.EXTI_GetITStatus) for EXTI_GetITStatus
    stm32f10x_it.o(i.EXTI2_IRQHandler) refers to si24r1.o(i.SI24R1_read_reg) for SI24R1_read_reg
    stm32f10x_it.o(i.EXTI2_IRQHandler) refers to si24r1.o(i.SI24R1set_Mode) for SI24R1set_Mode
    stm32f10x_it.o(i.EXTI2_IRQHandler) refers to si24r1.o(i.SI24R1_write_reg) for SI24R1_write_reg
    stm32f10x_it.o(i.EXTI2_IRQHandler) refers to si24r1.o(i.SI24R1_RxPacket) for SI24R1_RxPacket
    stm32f10x_it.o(i.EXTI2_IRQHandler) refers to remotedata.o(i.Remote_Data_ReceiveAnalysis) for Remote_Data_ReceiveAnalysis
    stm32f10x_it.o(i.EXTI2_IRQHandler) refers to stm32f10x_exti.o(i.EXTI_ClearITPendingBit) for EXTI_ClearITPendingBit
    stm32f10x_it.o(i.EXTI2_IRQHandler) refers to si24r1.o(.bss) for SI24R1_RX_DATA
    stm32f10x_it.o(i.TIM4_IRQHandler) refers to stm32f10x_tim.o(i.TIM_GetITStatus) for TIM_GetITStatus
    stm32f10x_it.o(i.TIM4_IRQHandler) refers to stm32f10x_tim.o(i.TIM_ClearITPendingBit) for TIM_ClearITPendingBit
    stm32f10x_it.o(i.TIM4_IRQHandler) refers to stm32f10x_it.o(.data) for ms2
    stm32f10x_it.o(i.USART1_IRQHandler) refers to stm32f10x_usart.o(i.USART_GetITStatus) for USART_GetITStatus
    stm32f10x_it.o(i.USART1_IRQHandler) refers to ano_dt.o(i.ANO_DT_Data_Receive_Prepare) for ANO_DT_Data_Receive_Prepare
    stm32f10x_it.o(i.USART1_IRQHandler) refers to stm32f10x_usart.o(i.USART_ClearITPendingBit) for USART_ClearITPendingBit
    system.o(i.System_Init) refers to nvic.o(i.NvicConfig) for NvicConfig
    system.o(i.System_Init) refers to led.o(i.LED_Init) for LED_Init
    system.o(i.System_Init) refers to delay.o(i.Delay_Init) for Delay_Init
    system.o(i.System_Init) refers to usart.o(i.USART_init) for USART_init
    system.o(i.System_Init) refers to iic.o(i.IIC_GPIO_Init) for IIC_GPIO_Init
    system.o(i.System_Init) refers to tim.o(i.TIM_Init) for TIM_Init
    system.o(i.System_Init) refers to exit.o(i.Exit_Init) for Exit_Init
    system.o(i.System_Init) refers to si24r1.o(i.SI24R1_Init) for SI24R1_Init
    system.o(i.System_Init) refers to mpu6050.o(i.MPU6050_Init) for MPU6050_Init
    system.o(i.System_Init) refers to motor.o(i.MOTOR_Init) for MOTOR_Init
    system.o(i.System_Init) refers to power.o(i.BATT_Init) for BATT_Init
    system.o(i.System_Init) refers to paramsave.o(i.PID_ReadFlash) for PID_ReadFlash
    system.o(i.System_Init) refers to pid.o(i.PidParameter_init) for PidParameter_init
    system.o(i.System_Init) refers to led.o(i.RGB_LED_Off) for RGB_LED_Off
    system.o(i.System_Init) refers to printfb.o(i.__0printf$bare) for __2printf
    system.o(i.Task_Schedule) refers to ano_dt.o(i.ANO_DT_Data_Exchange) for ANO_DT_Data_Exchange
    system.o(i.Task_Schedule) refers to imu.o(i.Prepare_Data) for Prepare_Data
    system.o(i.Task_Schedule) refers to imu.o(i.IMUupdate) for IMUupdate
    system.o(i.Task_Schedule) refers to control.o(i.Control) for Control
    system.o(i.Task_Schedule) refers to led.o(i.LED_Run) for LED_Run
    system.o(i.Task_Schedule) refers to led.o(i.RGB_LED_Runing) for RGB_LED_Runing
    system.o(i.Task_Schedule) refers to led.o(i.BATT_Alarm_LED) for BATT_Alarm_LED
    system.o(i.Task_Schedule) refers to remotedata.o(i.SI24R1_SingalCheck) for SI24R1_SingalCheck
    system.o(i.Task_Schedule) refers to remotedata.o(i.SendToRemote) for SendToRemote
    system.o(i.Task_Schedule) refers to si24r1.o(i.SI24R1_GetAddr) for SI24R1_GetAddr
    system.o(i.Task_Schedule) refers to power.o(i.LowVoltage_Alarm) for LowVoltage_Alarm
    system.o(i.Task_Schedule) refers to stm32f10x_it.o(.data) for ANO_Scan
    system.o(i.Task_Schedule) refers to imu.o(.bss) for Att_Angle
    system.o(i.Task_Schedule) refers to control.o(.data) for Airplane_Enable
    system.o(i.Task_Schedule) refers to remotedata.o(.data) for RC_Control
    system.o(i.Task_Schedule) refers to led.o(.data) for Run_flag
    led.o(i.ACC_Offset_LED) refers to led.o(i.RGB_LED_Off) for RGB_LED_Off
    led.o(i.ACC_Offset_LED) refers to led.o(i.RGB_LED_green) for RGB_LED_green
    led.o(i.ACC_Offset_LED) refers to delay.o(i.Delay_ms) for Delay_ms
    led.o(i.BAR_Offset_LED) refers to led.o(i.RGB_LED_Off) for RGB_LED_Off
    led.o(i.BAR_Offset_LED) refers to led.o(i.RGB_LED_Violet) for RGB_LED_Violet
    led.o(i.BAR_Offset_LED) refers to delay.o(i.Delay_ms) for Delay_ms
    led.o(i.BATT_Alarm_LED) refers to led.o(i.RGB_LED_Red) for RGB_LED_Red
    led.o(i.BATT_Alarm_LED) refers to led.o(i.RGB_LED_Off) for RGB_LED_Off
    led.o(i.BATT_Alarm_LED) refers to power.o(.data) for BATT_LEDflag
    led.o(i.BATT_Alarm_LED) refers to led.o(.data) for flag
[...]
    i.RGB_LED_Off                            0x08003f6c   Section        0  led.o(i.RGB_LED_Off)
    i.RGB_LED_Red                            0x08003f86   Section        0  led.o(i.RGB_LED_Red)
    i.RGB_LED_Runing                         0x08003fa0   Section        0  led.o(i.RGB_LED_Runing)
    i.RGB_LED_green                          0x08004054   Section        0  led.o(i.RGB_LED_green)
    i.RGB_WByte                              0x0800406e   Section        0  led.o(i.RGB_WByte)
    i.Remote_Data_ReceiveAnalysis            0x08004098   Section        0  remotedata.o(i.Remote_Data_ReceiveAnalysis)
    i.SDA_IN                                 0x0800412c   Section        0  iic.o(i.SDA_IN)
    i.SDA_OUT                                0x08004150   Section        0  iic.o(i.SDA_OUT)
    i.SI24R1_Check                           0x0800417c   Section        0  si24r1.o(i.SI24R1_Check)
    i.SI24R1_Config                          0x080041b0   Section        0  si24r1.o(i.SI24R1_Config)
    i.SI24R1_GetAddr                         0x08004238   Section        0  si24r1.o(i.SI24R1_GetAddr)
    i.SI24R1_Init                            0x08004294   Section        0  si24r1.o(i.SI24R1_Init)
    i.SI24R1_Read_Buf                        0x0800431c   Section        0  si24r1.o(i.SI24R1_Read_Buf)
    i.SI24R1_RxPacket                        0x08004368   Section        0  si24r1.o(i.SI24R1_RxPacket)
    i.SI24R1_SingalCheck                     0x080043a0   Section        0  remotedata.o(i.SI24R1_SingalCheck)
    i.SI24R1_TxPacket                        0x080043f4   Section        0  si24r1.o(i.SI24R1_TxPacket)
    i.SI24R1_Write_Buf                       0x08004454   Section        0  si24r1.o(i.SI24R1_Write_Buf)
    i.SI24R1_read_reg                        0x080044a0   Section        0  si24r1.o(i.SI24R1_read_reg)
    i.SI24R1_testConnection                  0x080044d8   Section        0  si24r1.o(i.SI24R1_testConnection)
    i.SI24R1_write_reg                       0x08004524   Section        0  si24r1.o(i.SI24R1_write_reg)
    i.SI24R1set_Mode                         0x0800455c   Section        0  si24r1.o(i.SI24R1set_Mode)
    i.SPI2_WriteReadByte                     0x080045cc   Section        0  spi.o(i.SPI2_WriteReadByte)
    i.SPI_Cmd                                0x08004604   Section        0  stm32f10x_spi.o(i.SPI_Cmd)
    i.SPI_GPIO_Init                          0x0800461c   Section        0  spi.o(i.SPI_GPIO_Init)
    i.SPI_I2S_GetFlagStatus                  0x0800469c   Section        0  stm32f10x_spi.o(i.SPI_I2S_GetFlagStatus)
    i.SPI_I2S_ReceiveData                    0x080046ae   Section        0  stm32f10x_spi.o(i.SPI_I2S_ReceiveData)
    i.SPI_I2S_SendData                       0x080046b4   Section        0  stm32f10x_spi.o(i.SPI_I2S_SendData)
    i.SPI_Init                               0x080046b8   Section        0  stm32f10x_spi.o(i.SPI_Init)
    i.STMFLASH_Read                          0x080046f4   Section        0  flash.o(i.STMFLASH_Read)
    i.STMFLASH_ReadWord                      0x08004714   Section        0  flash.o(i.STMFLASH_ReadWord)
    i.STMFLASH_Write                         0x0800471c   Section        0  flash.o(i.STMFLASH_Write)
    i.SendToRemote                           0x080047a4   Section        0  remotedata.o(i.SendToRemote)
    i.SetSysClock                            0x080048b8   Section        0  system_stm32f10x.o(i.SetSysClock)
    SetSysClock                              0x080048b9   Thumb Code     8  system_stm32f10x.o(i.SetSysClock)
    i.SetSysClockTo72                        0x080048c0   Section        0  system_stm32f10x.o(i.SetSysClockTo72)
    SetSysClockTo72                          0x080048c1   Thumb Code   214  system_stm32f10x.o(i.SetSysClockTo72)
    i.SortAver_FilterXYZ                     0x080049a0   Section        0  filter.o(i.SortAver_FilterXYZ)
    i.SysTick_CLKSourceConfig                0x08004abc   Section        0  misc.o(i.SysTick_CLKSourceConfig)
    i.SystemInit                             0x08004ae4   Section        0  system_stm32f10x.o(i.SystemInit)
    i.System_Init                            0x08004b44   Section        0  system.o(i.System_Init)
    i.TIM4_IRQHandler                        0x08004ba0   Section        0  stm32f10x_it.o(i.TIM4_IRQHandler)
    i.TIM_ClearITPendingBit                  0x08004ca4   Section        0  stm32f10x_tim.o(i.TIM_ClearITPendingBit)
    i.TIM_Cmd                                0x08004caa   Section        0  stm32f10x_tim.o(i.TIM_Cmd)
    i.TIM_GetITStatus                        0x08004cc2   Section        0  stm32f10x_tim.o(i.TIM_GetITStatus)
    i.TIM_ITConfig                           0x08004ce4   Section        0  stm32f10x_tim.o(i.TIM_ITConfig)
    i.TIM_Init                               0x08004cf8   Section        0  tim.o(i.TIM_Init)
    i.TIM_OC1Init                            0x08004d3c   Section        0  stm32f10x_tim.o(i.TIM_OC1Init)
    i.TIM_OC1PreloadConfig                   0x08004dd4   Section        0  stm32f10x_tim.o(i.TIM_OC1PreloadConfig)
    i.TIM_OC2Init                            0x08004de8   Section        0  stm32f10x_tim.o(i.TIM_OC2Init)
    i.TIM_OC2PreloadConfig                   0x08004e8c   Section        0  stm32f10x_tim.o(i.TIM_OC2PreloadConfig)
    i.TIM_OC3Init                            0x08004ea8   Section        0  stm32f10x_tim.o(i.TIM_OC3Init)
    i.TIM_OC3PreloadConfig                   0x08004f48   Section        0  stm32f10x_tim.o(i.TIM_OC3PreloadConfig)
    i.TIM_OC4Init                            0x08004f5c   Section        0  stm32f10x_tim.o(i.TIM_OC4Init)
    i.TIM_OC4PreloadConfig                   0x08004fd8   Section        0  stm32f10x_tim.o(i.TIM_OC4PreloadConfig)
    i.TIM_TimeBaseInit                       0x08004ff4   Section        0  stm32f10x_tim.o(i.TIM_TimeBaseInit)
    i.TableToParams                          0x08005098   Section        0  paramsave.o(i.TableToParams)
    i.Task_Schedule                          0x080052f0   Section        0  system.o(i.Task_Schedule)
    i.USART1_IRQHandler                      0x080053a4   Section        0  stm32f10x_it.o(i.USART1_IRQHandler)
    i.USART_ClearITPendingBit                0x080053f0   Section        0  stm32f10x_usart.o(i.USART_ClearITPendingBit)
    i.USART_Cmd                              0x0800540e   Section        0  stm32f10x_usart.o(i.USART_Cmd)
    i.USART_GetFlagStatus                    0x08005426   Section        0  stm32f10x_usart.o(i.USART_GetFlagStatus)
    i.USART_GetITStatus                      0x08005440   Section        0  stm32f10x_usart.o(i.USART_GetITStatus)
    i.USART_ITConfig                         0x08005494   Section        0  stm32f10x_usart.o(i.USART_ITConfig)
    i.USART_Init                             0x080054e0   Section        0  stm32f10x_usart.o(i.USART_Init)
    i.USART_SendData                         0x080055b8   Section        0  stm32f10x_usart.o(i.USART_SendData)
    i.USART_init                             0x080055c0   Section        0  usart.o(i.USART_init)
    i.UnControl_Land                         0x08005658   Section        0  remotedata.o(i.UnControl_Land)
    i.Write0                                 0x08005678   Section        0  led.o(i.Write0)
    i.Write1                                 0x080056e8   Section        0  led.o(i.Write1)
    i.Write24Bit                             0x08005760   Section        0  led.o(i.Write24Bit)
    i.Yaw_Carefree                           0x0800577c   Section        0  control.o(i.Yaw_Carefree)
    i.__0printf$bare                         0x080057fc   Section        0  printfb.o(i.__0printf$bare)
    i.__ARM_fpclassify                       0x0800580c   Section        0  fpclassify.o(i.__ARM_fpclassify)
    i.__ARM_fpclassifyf                      0x08005834   Section        0  fpclassifyf.o(i.__ARM_fpclassifyf)
    i.__kernel_poly                          0x0800585a   Section        0  poly.o(i.__kernel_poly)
    i.__mathlib_dbl_infnan                   0x08005904   Section        0  dunder.o(i.__mathlib_dbl_infnan)
    i.__mathlib_dbl_infnan2                  0x0800590a   Section        0  dunder.o(i.__mathlib_dbl_infnan2)
    i.__mathlib_dbl_invalid                  0x0800590e   Section        0  dunder.o(i.__mathlib_dbl_invalid)
    i.__mathlib_dbl_underflow                0x0800591c   Section        0  dunder.o(i.__mathlib_dbl_underflow)
    i.__mathlib_flt_infnan                   0x0800592c   Section        0  funder.o(i.__mathlib_flt_infnan)
    i.__mathlib_flt_invalid                  0x08005932   Section        0  funder.o(i.__mathlib_flt_invalid)
    i.__mathlib_flt_underflow                0x0800593a   Section        0  funder.o(i.__mathlib_flt_underflow)
    i.__mathlib_rredf2                       0x08005944   Section        0  rredf.o(i.__mathlib_rredf2)
    i.__scatterload_copy                     0x08005aac   Section       14  handlers.o(i.__scatterload_copy)
    i.__scatterload_null                     0x08005aba   Section        2  handlers.o(i.__scatterload_null)
    i.__scatterload_zeroinit                 0x08005abc   Section       14  handlers.o(i.__scatterload_zeroinit)
    i.__set_errno                            0x08005acc   Section        0  errno.o(i.__set_errno)
    i._printf_core                           0x08005ad8   Section        0  printfb.o(i._printf_core)
    _printf_core                             0x08005ad9   Thumb Code    34  printfb.o(i._printf_core)
    i.asin                                   0x08005afc   Section        0  asin.o(i.asin)
    i.atan                                   0x08005d6c   Section        0  atan.o(i.atan)
    i.atan2                                  0x08005f8c   Section        0  atan2.o(i.atan2)
    i.cosf                                   0x0800610c   Section        0  cosf.o(i.cosf)
    i.fputc                                  0x08006288   Section        0  usart.o(i.fputc)
    i.invSqrt                                0x080062ac   Section        0  imu.o(i.invSqrt)
    invSqrt                                  0x080062ad   Thumb Code    72  imu.o(i.invSqrt)
    i.main                                   0x080062f8   Section        0  main.o(i.main)
    i.sinf                                   0x08006304   Section        0  sinf.o(i.sinf)
    i.sqrt                                   0x0800648c   Section        0  sqrt.o(i.sqrt)
    i.usart_send                             0x080064d8   Section        0  usart.o(i.usart_send)
    .constdata                               0x08006508   Section       36  imu.o(.constdata)
    .constdata                               0x08006530   Section       80  asin.o(.constdata)
    pS                                       0x08006530   Data          48  asin.o(.constdata)
    qS                                       0x08006560   Data          32  asin.o(.constdata)
    .constdata                               0x08006580   Section      152  atan.o(.constdata)
    atanhi                                   0x08006580   Data          32  atan.o(.constdata)
    atanlo                                   0x080065a0   Data          32  atan.o(.constdata)
    aTodd                                    0x080065c0   Data          40  atan.o(.constdata)
    aTeven                                   0x080065e8   Data          48  atan.o(.constdata)
    .constdata                               0x08006618   Section        8  qnan.o(.constdata)
    .constdata                               0x08006620   Section       32  rredf.o(.constdata)
    twooverpi                                0x08006620   Data          32  rredf.o(.constdata)
    .data                                    0x20000000   Section       18  stm32f10x_it.o(.data)
    ms2                                      0x20000006   Data           2  stm32f10x_it.o(.data)
    ms5                                      0x20000008   Data           2  stm32f10x_it.o(.data)
    ms10                                     0x2000000a   Data           2  stm32f10x_it.o(.data)
    ms100                                    0x2000000c   Data           2  stm32f10x_it.o(.data)
    ms200                                    0x2000000e   Data           2  stm32f10x_it.o(.data)
    ms400                                    0x20000010   Data           2  stm32f10x_it.o(.data)
    .data                                    0x20000014   Section      454  led.o(.data)
    Run_buf                                  0x20000014   Data         448  led.o(.data)
    flag                                     0x200001d5   Data           1  led.o(.data)
    cnt                                      0x200001d6   Data           1  led.o(.data)
    wcnt                                     0x200001d7   Data           1  led.o(.data)
    times                                    0x200001d8   Data           1  led.o(.data)
    flag                                     0x200001d9   Data           1  led.o(.data)
    .data                                    0x200001da   Section        4  delay.o(.data)
    D_us                                     0x200001da   Data           1  delay.o(.data)
    D_ms                                     0x200001dc   Data           2  delay.o(.data)
    .data                                    0x200001e0   Section       23  power.o(.data)
    cnt                                      0x200001f5   Data           1  power.o(.data)
    cnt1                                     0x200001f6   Data           1  power.o(.data)
    .data                                    0x200001f7   Section       13  si24r1.o(.data)
    mode                                     0x20000202   Data           1  si24r1.o(.data)
    key                                      0x20000203   Data           1  si24r1.o(.data)
    .data                                    0x20000204   Section       42  mpu6050.o(.data)
    tempgx                                   0x20000220   Data           4  mpu6050.o(.data)
    tempgy                                   0x20000224   Data           4  mpu6050.o(.data)
    tempgz                                   0x20000228   Data           4  mpu6050.o(.data)
    cnt_a                                    0x2000022c   Data           2  mpu6050.o(.data)
    .data                                    0x2000022e   Section       14  filter.o(.data)
    cnt                                      0x2000022e   Data           1  filter.o(.data)
    flag                                     0x2000022f   Data           1  filter.o(.data)
    cnt                                      0x20000230   Data           1  filter.o(.data)
    flag                                     0x20000231   Data           1  filter.o(.data)
    cnt                                      0x20000232   Data           1  filter.o(.data)
    flag                                     0x20000233   Data           1  filter.o(.data)
    cnt                                      0x20000234   Data           1  filter.o(.data)
    flag                                     0x20000235   Data           1  filter.o(.data)
    cnt                                      0x20000236   Data           1  filter.o(.data)
    flag                                     0x20000237   Data           1  filter.o(.data)
    cnt                                      0x20000238   Data           1  filter.o(.data)
    flag                                     0x20000239   Data           1  filter.o(.data)
    cnt                                      0x2000023a   Data           1  filter.o(.data)
    flag                                     0x2000023b   Data           1  filter.o(.data)
    .data                                    0x2000023c   Section       33  imu.o(.data)
    IIR_mode                                 0x2000025c   Data           1  imu.o(.data)
    .data                                    0x20000260   Section       28  control.o(.data)
    YAW                                      0x2000027a   Data           2  control.o(.data)
    .data                                    0x2000027c   Section        9  ano_dt.o(.data)
    status_cnt                               0x2000027d   Data           1  ano_dt.o(.data)
    senser_cnt                               0x2000027e   Data           1  ano_dt.o(.data)
    rcdata_cnt                               0x2000027f   Data           1  ano_dt.o(.data)
    motopwm_cnt                              0x20000280   Data           1  ano_dt.o(.data)
    power_cnt                                0x20000281   Data           1  ano_dt.o(.data)
    _data_len                                0x20000282   Data           1  ano_dt.o(.data)
    _data_cnt                                0x20000283   Data           1  ano_dt.o(.data)
    state                                    0x20000284   Data           1  ano_dt.o(.data)
    .data                                    0x20000286   Section       12  remotedata.o(.data)
    PreButton                                0x20000290   Data           1  remotedata.o(.data)
    PreDataID                                0x20000291   Data           1  remotedata.o(.data)
    .data                                    0x20000292   Section       20  stm32f10x_rcc.o(.data)
    APBAHBPrescTable                         0x20000292   Data          16  stm32f10x_rcc.o(.data)
    ADCPrescTable                            0x200002a2   Data           4  stm32f10x_rcc.o(.data)
    .data                                    0x200002a8   Section       20  system_stm32f10x.o(.data)
    .data                                    0x200002bc   Section        4  rand.o(.data)
    _rand_state                              0x200002bc   Data           4  rand.o(.data)
    .data                                    0x200002c0   Section        4  stdout.o(.data)
    .data                                    0x200002c4   Section        4  errno.o(.data)
    _errno                                   0x200002c4   Data           4  errno.o(.data)
    .bss                                     0x200002c8   Section       64  si24r1.o(.bss)
    .bss                                     0x20000308   Section       64  fbm320.o(.bss)
    .bss                                     0x20000348   Section       14  mpu6050.o(.bss)
    MPU6050_buff                             0x20000348   Data          14  mpu6050.o(.bss)
    .bss                                     0x20000358   Section     1280  filter.o(.bss)
    buf                                      0x20000358   Data          80  filter.o(.bss)
    buf                                      0x200003a8   Data          80  filter.o(.bss)
    bufx                                     0x200003f8   Data          80  filter.o(.bss)
    bufy                                     0x20000448   Data          80  filter.o(.bss)
    bufz                                     0x20000498   Data          80  filter.o(.bss)
    bufax                                    0x200004e8   Data          80  filter.o(.bss)
    bufay                                    0x20000538   Data          80  filter.o(.bss)
    bufaz                                    0x20000588   Data          80  filter.o(.bss)
    bufgx                                    0x200005d8   Data          80  filter.o(.bss)
    bufgy                                    0x20000628   Data          80  filter.o(.bss)
    bufgz                                    0x20000678   Data          80  filter.o(.bss)
    bufax                                    0x200006c8   Data          80  filter.o(.bss)
    bufay                                    0x20000718   Data          80  filter.o(.bss)
    bufaz                                    0x20000768   Data          80  filter.o(.bss)
    buf                                      0x200007b8   Data          80  filter.o(.bss)
    buf                                      0x20000808   Data          80  filter.o(.bss)
    .bss                                     0x20000858   Section      120  imu.o(.bss)
    .bss                                     0x200008d0   Section      480  control.o(.bss)
    .bss                                     0x20000ab0   Section       62  paramsave.o(.bss)
    .bss                                     0x20000aee   Section      110  ano_dt.o(.bss)
    RxBuffer                                 0x20000b2a   Data          50  ano_dt.o(.bss)
    STACK                                    0x20000b60   Section     1024  startup_stm32f10x_md.o(STACK)

    Global Symbols

    Symbol Name                              Value     Ov Type        Size  Object(Section)

    BuildAttributes$$THM_ISAv4$P$D$K$B$S$PE$A:L22UL41UL21$X:L11$S22US41US21$IEEE1$IW$USESV6$~STKCKD$USESV7$~SHL$OTIME$ROPI$IEEEX$EBA8$MICROLIB$REQ8$PRES8$EABIv2 0x00000000   Number         0  anon$$obj.o ABSOLUTE
    __ARM_use_no_argv                        0x00000000   Number         0  main.o ABSOLUTE
    __cpp_initialize__aeabi_                  - Undefined Weak Reference
    __cxa_finalize                            - Undefined Weak Reference
    _clock_init                               - Undefined Weak Reference
    _microlib_exit                            - Undefined Weak Reference
    __Vectors_Size                           0x000000ec   Number         0  startup_stm32f10x_md.o ABSOLUTE
    __Vectors                                0x08000000   Data           4  startup_stm32f10x_md.o(RESET)
    __Vectors_End                            0x080000ec   Data           0  startup_stm32f10x_md.o(RESET)
    __main                                   0x080000ed   Thumb Code     0  entry.o(.ARM.Collect$$$$00000000)
    _main_stk                                0x080000ed   Thumb Code     0  entry2.o(.ARM.Collect$$$$00000001)
    _main_scatterload                        0x080000f1   Thumb Code     0  entry5.o(.ARM.Collect$$$$00000004)
    __main_after_scatterload                 0x080000f5   Thumb Code     0  entry5.o(.ARM.Collect$$$$00000004)
    _main_clock                              0x080000f5   Thumb Code     0  entry7b.o(.ARM.Collect$$$$00000008)
    _main_cpp_init                           0x080000f5   Thumb Code     0  entry8b.o(.ARM.Collect$$$$0000000A)
    _main_init                               0x080000f5   Thumb Code     0  entry9a.o(.ARM.Collect$$$$0000000B)
    __rt_final_cpp                           0x080000fd   Thumb Code     0  entry10a.o(.ARM.Collect$$$$0000000D)
    __rt_final_exit                          0x080000fd   Thumb Code     0  entry11a.o(.ARM.Collect$$$$0000000F)
    Reset_Handler                            0x08000101   Thumb Code     8  startup_stm32f10x_md.o(.text)
    NMI_Handler                              0x08000109   Thumb Code     2  startup_stm32f10x_md.o(.text)
    HardFault_Handler                        0x0800010b   Thumb Code     2  startup_stm32f10x_md.o(.text)
    MemManage_Handler                        0x0800010d   Thumb Code     2  startup_stm32f10x_md.o(.text)
    BusFault_Handler                         0x0800010f   Thumb Code     2  startup_stm32f10x_md.o(.text)
    UsageFault_Handler                       0x08000111   Thumb Code     2  startup_stm32f10x_md.o(.text)
    SVC_Handler                              0x08000113   Thumb Code     2  startup_stm32f10x_md.o(.text)
    DebugMon_Handler                         0x08000115   Thumb Code     2  startup_stm32f10x_md.o(.text)
    PendSV_Handler                           0x08000117   Thumb Code     2  startup_stm32f10x_md.o(.text)
    SysTick_Handler                          0x08000119   Thumb Code     2  startup_stm32f10x_md.o(.text)
    ADC1_2_IRQHandler                        0x0800011b   Thumb Code     0  startup_stm32f10x_md.o(.text)
    CAN1_RX1_IRQHandler                      0x0800011b   Thumb Code     0  startup_stm32f10x_md.o(.text)
    CAN1_SCE_IRQHandler                      0x0800011b   Thumb Code     0  startup_stm32f10x_md.o(.text)
    DMA1_Channel1_IRQHandler                 0x0800011b   Thumb Code     0  startup_stm32f10x_md.o(.text)
    DMA1_Channel2_IRQHandler                 0x0800011b   Thumb Code     0  startup_stm32f10x_md.o(.text)
    DMA1_Channel3_IRQHandler                 0x0800011b   Thumb Code     0  startup_stm32f10x_md.o(.text)
    DMA1_Channel4_IRQHandler                 0x0800011b   Thumb Code     0  startup_stm32f10x_md.o(.text)
    DMA1_Channel5_IRQHandler                 0x0800011b   Thumb Code     0  startup_stm32f10x_md.o(.text)
    DMA1_Channel6_IRQHandler                 0x0800011b   Thumb Code     0  startup_stm32f10x_md.o(.text)
    DMA1_Channel7_IRQHandler                 0x0800011b   Thumb Code     0  startup_stm32f10x_md.o(.text)
    EXTI0_IRQHandler                         0x0800011b   Thumb Code     0  startup_stm32f10x_md.o(.text)
    EXTI15_10_IRQHandler                     0x0800011b   Thumb Code     0  startup_stm32f10x_md.o(.text)
    EXTI1_IRQHandler                         0x0800011b   Thumb Code     0  startup_stm32f10x_md.o(.text)
    EXTI3_IRQHandler                         0x0800011b   Thumb Code     0  startup_stm32f10x_md.o(.text)
    EXTI4_IRQHandler                         0x0800011b   Thumb Code     0  startup_stm32f10x_md.o(.text)
    EXTI9_5_IRQHandler                       0x0800011b   Thumb Code     0  startup_stm32f10x_md.o(.text)
    FLASH_IRQHandler                         0x0800011b   Thumb Code     0  startup_stm32f10x_md.o(.text)
    I2C1_ER_IRQHandler                       0x0800011b   Thumb Code     0  startup_stm32f10x_md.o(.text)
    I2C1_EV_IRQHandler                       0x0800011b   Thumb Code     0  startup_stm32f10x_md.o(.text)
    I2C2_ER_IRQHandler                       0x0800011b   Thumb Code     0  startup_stm32f10x_md.o(.text)
    I2C2_EV_IRQHandler                       0x0800011b   Thumb Code     0  startup_stm32f10x_md.o(.text)
    PVD_IRQHandler                           0x0800011b   Thumb Code     0  startup_stm32f10x_md.o(.text)
    RCC_IRQHandler                           0x0800011b   Thumb Code     0  startup_stm32f10x_md.o(.text)
    RTCAlarm_IRQHandler                      0x0800011b   Thumb Code     0  startup_stm32f10x_md.o(.text)
    RTC_IRQHandler                           0x0800011b   Thumb Code     0  startup_stm32f10x_md.o(.text)
    SPI1_IRQHandler                          0x0800011b   Thumb Code     0  startup_stm32f10x_md.o(.text)
    SPI2_IRQHandler                          0x0800011b   Thumb Code     0  startup_stm32f10x_md.o(.text)
    TAMPER_IRQHandler                        0x0800011b   Thumb Code     0  startup_stm32f10x_md.o(.text)
    TIM1_BRK_IRQHandler                      0x0800011b   Thumb Code     0  startup_stm32f10x_md.o(.text)
    TIM1_CC_IRQHandler                       0x0800011b   Thumb Code     0  startup_stm32f10x_md.o(.text)
    TIM1_TRG_COM_IRQHandler                  0x0800011b   Thumb Code     0  startup_stm32f10x_md.o(.text)
    TIM1_UP_IRQHandler                       0x0800011b   Thumb Code     0  startup_stm32f10x_md.o(.text)
    TIM2_IRQHandler                          0x0800011b   Thumb Code     0  startup_stm32f10x_md.o(.text)
    TIM3_IRQHandler                          0x0800011b   Thumb Code     0  startup_stm32f10x_md.o(.text)
    USART2_IRQHandler                        0x0800011b   Thumb Code     0  startup_stm32f10x_md.o(.text)
    USART3_IRQHandler                        0x0800011b   Thumb Code     0  startup_stm32f10x_md.o(.text)
    USBWakeUp_IRQHandler                     0x0800011b   Thumb Code     0  startup_stm32f10x_md.o(.text)
    USB_HP_CAN1_TX_IRQHandler                0x0800011b   Thumb Code     0  startup_stm32f10x_md.o(.text)
    USB_LP_CAN1_RX0_IRQHandler               0x0800011b   Thumb Code     0  startup_stm32f10x_md.o(.text)
    WWDG_IRQHandler                          0x0800011b   Thumb Code     0  startup_stm32f10x_md.o(.text)
    rand                                     0x08000125   Thumb Code    20  rand.o(.text)
    srand                                    0x08000139   Thumb Code     6  rand.o(.text)
    __aeabi_memcpy                           0x08000149   Thumb Code    36  memcpya.o(.text)
    __aeabi_memcpy4                          0x08000149   Thumb Code     0  memcpya.o(.text)
    __aeabi_memcpy8                          0x08000149   Thumb Code     0  memcpya.o(.text)
    __aeabi_fadd                             0x0800016d   Thumb Code   164  fadd.o(.text)
    __aeabi_fsub                             0x08000211   Thumb Code     6  fadd.o(.text)
    __aeabi_frsub                            0x08000217   Thumb Code     6  fadd.o(.text)
    __aeabi_fmul                             0x0800021d   Thumb Code   100  fmul.o(.text)
    __aeabi_fdiv                             0x08000281   Thumb Code   124  fdiv.o(.text)
    __aeabi_dmul                             0x080002fd   Thumb Code   228  dmul.o(.text)
    __aeabi_i2f                              0x080003e1   Thumb Code    18  fflti.o(.text)
    __aeabi_ui2f                             0x080003f3   Thumb Code    10  ffltui.o(.text)
    __aeabi_i2d                              0x080003fd   Thumb Code    34  dflti.o(.text)
    __aeabi_f2iz                             0x0800041f   Thumb Code    50  ffixi.o(.text)
    __aeabi_f2uiz                            0x08000451   Thumb Code    40  ffixui.o(.text)
    __aeabi_f2d                              0x08000479   Thumb Code    38  f2d.o(.text)
    __aeabi_cdcmpeq                          0x080004a1   Thumb Code     0  cdcmple.o(.text)
    __aeabi_cdcmple                          0x080004a1   Thumb Code    48  cdcmple.o(.text)
    __aeabi_d2f                              0x080004d1   Thumb Code    56  d2f.o(.text)
    __aeabi_cfcmpeq                          0x08000509   Thumb Code     0  cfcmple.o(.text)
    __aeabi_cfcmple                          0x08000509   Thumb Code    20  cfcmple.o(.text)
    __aeabi_cfrcmple                         0x0800051d   Thumb Code    20  cfrcmple.o(.text)
    __aeabi_llsl                             0x08000531   Thumb Code    30  llshl.o(.text)
    _ll_shift_l                              0x08000531   Thumb Code     0  llshl.o(.text)
    __I$use$fp                               0x0800054f   Thumb Code     0  iusefp.o(.text)
    _float_round                             0x0800054f   Thumb Code    18  fepilogue.o(.text)
    _float_epilogue                          0x08000561   Thumb Code    92  fepilogue.o(.text)
    __ARM_scalbnf                            0x080005bd   Thumb Code    24  fscalb.o(.text)
    scalbnf                                  0x080005bd   Thumb Code     0  fscalb.o(.text)
    _frnd                                    0x080005d5   Thumb Code    60  frnd.o(.text)
    _double_round                            0x08000611   Thumb Code    30  depilogue.o(.text)
    _double_epilogue                         0x0800062f   Thumb Code   156  depilogue.o(.text)
    __aeabi_dadd                             0x080006cb   Thumb Code   322  dadd.o(.text)
    __aeabi_dsub                             0x0800080d   Thumb Code     6  dadd.o(.text)
    __aeabi_drsub                            0x08000813   Thumb Code     6  dadd.o(.text)
    __aeabi_ddiv                             0x08000819   Thumb Code   222  ddiv.o(.text)
    __ARM_scalbn                             0x080008f7   Thumb Code    46  dscalb.o(.text)
    scalbn                                   0x080008f7   Thumb Code     0  dscalb.o(.text)
    __scatterload                            0x08000925   Thumb Code    28  init.o(.text)
    __scatterload_rt2                        0x08000925   Thumb Code     0  init.o(.text)
    __aeabi_llsr                             0x08000949   Thumb Code    32  llushr.o(.text)
    _ll_ushift_r                             0x08000949   Thumb Code     0  llushr.o(.text)
    __aeabi_lasr                             0x08000969   Thumb Code    36  llsshr.o(.text)
    _ll_sshift_r                             0x08000969   Thumb Code     0  llsshr.o(.text)
    _dsqrt                                   0x0800098d   Thumb Code   162  dsqrt.o(.text)
    __decompress                             0x08000a2f   Thumb Code     0  __dczerorl2.o(.text)
    __decompress1                            0x08000a2f   Thumb Code    86  __dczerorl2.o(.text)
    ACC_Offset_LED                           0x08000a85   Thumb Code    62  led.o(i.ACC_Offset_LED)
    ADC_Cmd                                  0x08000ac3   Thumb Code    22  stm32f10x_adc.o(i.ADC_Cmd)
    ADC_GetConversionValue                   0x08000ad9   Thumb Code     8  stm32f10x_adc.o(i.ADC_GetConversionValue)
    ADC_GetFlagStatus                        0x08000ae1   Thumb Code    18  stm32f10x_adc.o(i.ADC_GetFlagStatus)
    ADC_Init                                 0x08000af5   Thumb Code    70  stm32f10x_adc.o(i.ADC_Init)
    ADC_RegularChannelConfig                 0x08000b45   Thumb Code   184  stm32f10x_adc.o(i.ADC_RegularChannelConfig)
    ADC_SoftwareStartConvCmd                 0x08000bfd   Thumb Code    22  stm32f10x_adc.o(i.ADC_SoftwareStartConvCmd)
    ANO_DT_Data_Exchange                     0x08000c15   Thumb Code   776  ano_dt.o(i.ANO_DT_Data_Exchange)
    ANO_DT_Data_Receive_Anl                  0x08000f91   Thumb Code  1280  ano_dt.o(i.ANO_DT_Data_Receive_Anl)
    ANO_DT_Data_Receive_Prepare              0x0800149d   Thumb Code   216  ano_dt.o(i.ANO_DT_Data_Receive_Prepare)
    ANO_DT_Send_Data                         0x080015cd   Thumb Code    16  ano_dt.o(i.ANO_DT_Send_Data)
    ANO_DT_Send_PID                          0x080015dd   Thumb Code   514  ano_dt.o(i.ANO_DT_Send_PID)
    ANO_DT_Send_Power                        0x080017e9   Thumb Code   142  ano_dt.o(i.ANO_DT_Send_Power)
    ANO_DT_Send_Senser                       0x0800187d   Thumb Code   374  ano_dt.o(i.ANO_DT_Send_Senser)
    ANO_DT_Send_Status                       0x080019f9   Thumb Code   318  ano_dt.o(i.ANO_DT_Send_Status)
    Aver_Filter                              0x08001b41   Thumb Code   120  filter.o(i.Aver_Filter)
    BATT_Alarm_LED                           0x08001bc5   Thumb Code    38  led.o(i.BATT_Alarm_LED)
    BATT_GetVoltage                          0x08001bf5   Thumb Code    72  power.o(i.BATT_GetVoltage)
    BATT_Init                                0x08001c45   Thumb Code   104  power.o(i.BATT_Init)
    Button_command                           0x08001cb5   Thumb Code   120  remotedata.o(i.Button_command)
    Control                                  0x08001d39   Thumb Code   538  control.o(i.Control)
    Data_Send_AngleRate                      0x08001f91   Thumb Code   566  ano_dt.o(i.Data_Send_AngleRate)
    DefaultParams                            0x080021cd   Thumb Code    74  paramsave.o(i.DefaultParams)
    DefaultParams_WriteFlash                 0x0800221d   Thumb Code    50  paramsave.o(i.DefaultParams_WriteFlash)
    Delay_Init                               0x08002259   Thumb Code    50  delay.o(i.Delay_Init)
    Delay_ms                                 0x0800229d   Thumb Code    66  delay.o(i.Delay_ms)
    Delay_us                                 0x080022e5   Thumb Code    66  delay.o(i.Delay_us)
    EXTI2_IRQHandler                         0x0800232d   Thumb Code   120  stm32f10x_it.o(i.EXTI2_IRQHandler)
    EXTI_ClearITPendingBit                   0x080023ad   Thumb Code     6  stm32f10x_exti.o(i.EXTI_ClearITPendingBit)
    EXTI_GetITStatus                         0x080023b9   Thumb Code    34  stm32f10x_exti.o(i.EXTI_GetITStatus)
    EXTI_Init                                0x080023e1   Thumb Code   142  stm32f10x_exti.o(i.EXTI_Init)
    Exit_Init                                0x08002475   Thumb Code    74  exit.o(i.Exit_Init)
    FLASH_ErasePage                          0x080024c5   Thumb Code    72  stm32f10x_flash.o(i.FLASH_ErasePage)
    FLASH_GetBank1Status                     0x08002511   Thumb Code    48  stm32f10x_flash.o(i.FLASH_GetBank1Status)
    FLASH_Lock                               0x08002545   Thumb Code    14  stm32f10x_flash.o(i.FLASH_Lock)
    FLASH_ProgramWord                        0x08002559   Thumb Code   102  stm32f10x_flash.o(i.FLASH_ProgramWord)
    FLASH_Unlock                             0x080025c5   Thumb Code    12  stm32f10x_flash.o(i.FLASH_Unlock)
    FLASH_WaitForLastOperation               0x080025dd   Thumb Code    38  stm32f10x_flash.o(i.FLASH_WaitForLastOperation)
    FindPos                                  0x08002603   Thumb Code    90  filter.o(i.FindPos)
    GPIO_EXTILineConfig                      0x0800265d   Thumb Code    60  stm32f10x_gpio.o(i.GPIO_EXTILineConfig)
    GPIO_Init                                0x0800269d   Thumb Code   278  stm32f10x_gpio.o(i.GPIO_Init)
    GPIO_ResetBits                           0x080027b3   Thumb Code     4  stm32f10x_gpio.o(i.GPIO_ResetBits)
    GPIO_SetBits                             0x080027b7   Thumb Code     4  stm32f10x_gpio.o(i.GPIO_SetBits)
    GYRO_Offset_LED                          0x080027bb   Thumb Code    62  led.o(i.GYRO_Offset_LED)
    Get_BatteryAdc                           0x080027f9   Thumb Code    46  power.o(i.Get_BatteryAdc)
    IIC_Ack                                  0x0800282d   Thumb Code    46  iic.o(i.IIC_Ack)
    IIC_GPIO_Init                            0x08002861   Thumb Code    46  iic.o(i.IIC_GPIO_Init)
    IIC_NAck                                 0x08002895   Thumb Code    48  iic.o(i.IIC_NAck)
    IIC_ReadByte                             0x080028c9   Thumb Code    84  iic.o(i.IIC_ReadByte)
    IIC_ReadByteFromSlave                    0x08002921   Thumb Code    74  iic.o(i.IIC_ReadByteFromSlave)
    IIC_ReadMultByteFromSlave                0x0800296b   Thumb Code   114  iic.o(i.IIC_ReadMultByteFromSlave)
    IIC_SendByte                             0x080029dd   Thumb Code    86  iic.o(i.IIC_SendByte)
    IIC_Start                                0x08002a39   Thumb Code    46  iic.o(i.IIC_Start)
    IIC_Stop                                 0x08002a6d   Thumb Code    42  iic.o(i.IIC_Stop)
    IIC_WaitAck                              0x08002a9d   Thumb Code    76  iic.o(i.IIC_WaitAck)
    IIC_WriteByteToSlave                     0x08002aed   Thumb Code    70  iic.o(i.IIC_WriteByteToSlave)
    IMUupdate                                0x08002b35   Thumb Code  1536  imu.o(i.IMUupdate)
    LED_Init                                 0x0800314d   Thumb Code    60  led.o(i.LED_Init)
    LED_Run                                  0x0800318d   Thumb Code    42  led.o(i.LED_Run)
    LowVoltage_Alarm                         0x080031c1   Thumb Code   130  power.o(i.LowVoltage_Alarm)
    MOTOR_Init                               0x08003261   Thumb Code   268  motor.o(i.MOTOR_Init)
    MPU6050_Check                            0x08003379   Thumb Code    24  mpu6050.o(i.MPU6050_Check)
    MPU6050_Init                             0x080033ad   Thumb Code    78  mpu6050.o(i.MPU6050_Init)
    MPU6050_OffSet                           0x080033fd   Thumb Code   176  mpu6050.o(i.MPU6050_OffSet)
    MPU6050_Offset                           0x080034bd   Thumb Code   274  mpu6050.o(i.MPU6050_Offset)
    MPU6050_Read                             0x080035e9   Thumb Code    14  mpu6050.o(i.MPU6050_Read)
    MPU6050_ReadByte                         0x080035fd   Thumb Code    26  mpu6050.o(i.MPU6050_ReadByte)
    MPU6050_ReadMultBytes                    0x08003617   Thumb Code    30  mpu6050.o(i.MPU6050_ReadMultBytes)
    MPU6050_WriteByte                        0x08003635   Thumb Code    26  mpu6050.o(i.MPU6050_WriteByte)
    MPU6050_getDeviceID                      0x0800364f   Thumb Code    16  mpu6050.o(i.MPU6050_getDeviceID)
    MPU6050_testConnection                   0x0800365f   Thumb Code    18  mpu6050.o(i.MPU6050_testConnection)
    Moto_Pwm                                 0x08003671   Thumb Code    84  motor.o(i.Moto_Pwm)
    NVIC_Init                                0x080036c9   Thumb Code   100  misc.o(i.NVIC_Init)
    NVIC_PriorityGroupConfig                 0x08003739   Thumb Code    10  misc.o(i.NVIC_PriorityGroupConfig)
    NvicConfig                               0x0800374d   Thumb Code    94  nvic.o(i.NvicConfig)
    PID_Postion_Cal                          0x080037ad   Thumb Code   214  pid.o(i.PID_Postion_Cal)
    PID_ReadFlash                            0x0800388d   Thumb Code    94  paramsave.o(i.PID_ReadFlash)
    PID_WriteFlash                           0x0800390d   Thumb Code    50  paramsave.o(i.PID_WriteFlash)
    ParamsToTable                            0x08003949   Thumb Code   528  paramsave.o(i.ParamsToTable)
    PidParameter_init                        0x08003b8d   Thumb Code   124  pid.o(i.PidParameter_init)
    Prepare_Data                             0x08003c3d   Thumb Code   340  imu.o(i.Prepare_Data)
    QuiteSort                                0x08003dc5   Thumb Code    56  filter.o(i.QuiteSort)
    RCC_ADCCLKConfig                         0x08003dfd   Thumb Code    18  stm32f10x_rcc.o(i.RCC_ADCCLKConfig)
    RCC_APB1PeriphClockCmd                   0x08003e15   Thumb Code    26  stm32f10x_rcc.o(i.RCC_APB1PeriphClockCmd)
    RCC_APB2PeriphClockCmd                   0x08003e35   Thumb Code    26  stm32f10x_rcc.o(i.RCC_APB2PeriphClockCmd)
    RCC_GetClocksFreq                        0x08003e55   Thumb Code   192  stm32f10x_rcc.o(i.RCC_GetClocksFreq)
    RGB_LED_Blue                             0x08003f29   Thumb Code    26  led.o(i.RGB_LED_Blue)
    RGB_LED_FLY                              0x08003f43   Thumb Code    42  led.o(i.RGB_LED_FLY)
    RGB_LED_Off                              0x08003f6d   Thumb Code    26  led.o(i.RGB_LED_Off)
    RGB_LED_Red                              0x08003f87   Thumb Code    26  led.o(i.RGB_LED_Red)
    RGB_LED_Runing                           0x08003fa1   Thumb Code   164  led.o(i.RGB_LED_Runing)
    RGB_LED_green                            0x08004055   Thumb Code    26  led.o(i.RGB_LED_green)
    RGB_WByte                                0x0800406f   Thumb Code    40  led.o(i.RGB_WByte)
    Remote_Data_ReceiveAnalysis              0x08004099   Thumb Code   132  remotedata.o(i.Remote_Data_ReceiveAnalysis)
    SDA_IN                                   0x0800412d   Thumb Code    32  iic.o(i.SDA_IN)
    SDA_OUT                                  0x08004151   Thumb Code    38  iic.o(i.SDA_OUT)
    SI24R1_Check                             0x0800417d   Thumb Code    24  si24r1.o(i.SI24R1_Check)
    SI24R1_Config                            0x080041b1   Thumb Code   124  si24r1.o(i.SI24R1_Config)
    SI24R1_GetAddr                           0x08004239   Thumb Code    78  si24r1.o(i.SI24R1_GetAddr)
    SI24R1_Init                              0x08004295   Thumb Code   128  si24r1.o(i.SI24R1_Init)
    SI24R1_Read_Buf                          0x0800431d   Thumb Code    72  si24r1.o(i.SI24R1_Read_Buf)
    SI24R1_RxPacket                          0x08004369   Thumb Code    52  si24r1.o(i.SI24R1_RxPacket)
    SI24R1_SingalCheck                       0x080043a1   Thumb Code    62  remotedata.o(i.SI24R1_SingalCheck)
    SI24R1_TxPacket                          0x080043f5   Thumb Code    86  si24r1.o(i.SI24R1_TxPacket)
    SI24R1_Write_Buf                         0x08004455   Thumb Code    70  si24r1.o(i.SI24R1_Write_Buf)
    SI24R1_read_reg                          0x080044a1   Thumb Code    50  si24r1.o(i.SI24R1_read_reg)
    SI24R1_testConnection                    0x080044d9   Thumb Code    66  si24r1.o(i.SI24R1_testConnection)
    SI24R1_write_reg                         0x08004525   Thumb Code    52  si24r1.o(i.SI24R1_write_reg)
    SI24R1set_Mode                           0x0800455d   Thumb Code   106  si24r1.o(i.SI24R1set_Mode)
    SPI2_WriteReadByte                       0x080045cd   Thumb Code    50  spi.o(i.SPI2_WriteReadByte)
    SPI_Cmd                                  0x08004605   Thumb Code    24  stm32f10x_spi.o(i.SPI_Cmd)
    SPI_GPIO_Init                            0x0800461d   Thumb Code   120  spi.o(i.SPI_GPIO_Init)
    SPI_I2S_GetFlagStatus                    0x0800469d   Thumb Code    18  stm32f10x_spi.o(i.SPI_I2S_GetFlagStatus)
    SPI_I2S_ReceiveData                      0x080046af   Thumb Code     6  stm32f10x_spi.o(i.SPI_I2S_ReceiveData)
    SPI_I2S_SendData                         0x080046b5   Thumb Code     4  stm32f10x_spi.o(i.SPI_I2S_SendData)
    SPI_Init                                 0x080046b9   Thumb Code    60  stm32f10x_spi.o(i.SPI_Init)
    STMFLASH_Read                            0x080046f5   Thumb Code    32  flash.o(i.STMFLASH_Read)
    STMFLASH_ReadWord                        0x08004715   Thumb Code     6  flash.o(i.STMFLASH_ReadWord)
    STMFLASH_Write                           0x0800471d   Thumb Code   126  flash.o(i.STMFLASH_Write)
    SendToRemote                             0x080047a5   Thumb Code   244  remotedata.o(i.SendToRemote)
    SortAver_FilterXYZ                       0x080049a1   Thumb Code   264  filter.o(i.SortAver_FilterXYZ)
    SysTick_CLKSourceConfig                  0x08004abd   Thumb Code    40  misc.o(i.SysTick_CLKSourceConfig)
    SystemInit                               0x08004ae5   Thumb Code    78  system_stm32f10x.o(i.SystemInit)
    System_Init                              0x08004b45   Thumb Code    70  system.o(i.System_Init)
    TIM4_IRQHandler                          0x08004ba1   Thumb Code   206  stm32f10x_it.o(i.TIM4_IRQHandler)
    TIM_ClearITPendingBit                    0x08004ca5   Thumb Code     6  stm32f10x_tim.o(i.TIM_ClearITPendingBit)
    TIM_Cmd                                  0x08004cab   Thumb Code    24  stm32f10x_tim.o(i.TIM_Cmd)
    TIM_GetITStatus                          0x08004cc3   Thumb Code    34  stm32f10x_tim.o(i.TIM_GetITStatus)
    TIM_ITConfig                             0x08004ce5   Thumb Code    18  stm32f10x_tim.o(i.TIM_ITConfig)
    TIM_Init                                 0x08004cf9   Thumb Code    62  tim.o(i.TIM_Init)
    TIM_OC1Init                              0x08004d3d   Thumb Code   132  stm32f10x_tim.o(i.TIM_OC1Init)
    TIM_OC1PreloadConfig                     0x08004dd5   Thumb Code    18  stm32f10x_tim.o(i.TIM_OC1PreloadConfig)
    TIM_OC2Init                              0x08004de9   Thumb Code   154  stm32f10x_tim.o(i.TIM_OC2Init)
    TIM_OC2PreloadConfig                     0x08004e8d   Thumb Code    26  stm32f10x_tim.o(i.TIM_OC2PreloadConfig)
    TIM_OC3Init                              0x08004ea9   Thumb Code   150  stm32f10x_tim.o(i.TIM_OC3Init)
    TIM_OC3PreloadConfig                     0x08004f49   Thumb Code    18  stm32f10x_tim.o(i.TIM_OC3PreloadConfig)
    TIM_OC4Init                              0x08004f5d   Thumb Code   114  stm32f10x_tim.o(i.TIM_OC4Init)
    TIM_OC4PreloadConfig                     0x08004fd9   Thumb Code    26  stm32f10x_tim.o(i.TIM_OC4PreloadConfig)
    TIM_TimeBaseInit                         0x08004ff5   Thumb Code   122  stm32f10x_tim.o(i.TIM_TimeBaseInit)
    TableToParams                            0x08005099   Thumb Code   546  paramsave.o(i.TableToParams)
    Task_Schedule                            0x080052f1   Thumb Code   136  system.o(i.Task_Schedule)
    USART1_IRQHandler                        0x080053a5   Thumb Code    70  stm32f10x_it.o(i.USART1_IRQHandler)
    USART_ClearITPendingBit                  0x080053f1   Thumb Code    30  stm32f10x_usart.o(i.USART_ClearITPendingBit)
    USART_Cmd                                0x0800540f   Thumb Code    24  stm32f10x_usart.o(i.USART_Cmd)
    USART_GetFlagStatus                      0x08005427   Thumb Code    26  stm32f10x_usart.o(i.USART_GetFlagStatus)
    USART_GetITStatus                        0x08005441   Thumb Code    84  stm32f10x_usart.o(i.USART_GetITStatus)
    USART_ITConfig                           0x08005495   Thumb Code    74  stm32f10x_usart.o(i.USART_ITConfig)
    USART_Init                               0x080054e1   Thumb Code   210  stm32f10x_usart.o(i.USART_Init)
    USART_SendData                           0x080055b9   Thumb Code     8  stm32f10x_usart.o(i.USART_SendData)
    USART_init                               0x080055c1   Thumb Code   142  usart.o(i.USART_init)
    UnControl_Land                           0x08005659   Thumb Code    28  remotedata.o(i.UnControl_Land)
    Write0                                   0x08005679   Thumb Code   106  led.o(i.Write0)
    Write1                                   0x080056e9   Thumb Code   114  led.o(i.Write1)
    Write24Bit                               0x08005761   Thumb Code    28  led.o(i.Write24Bit)
    Yaw_Carefree                             0x0800577d   Thumb Code   124  control.o(i.Yaw_Carefree)
    __0printf$bare                           0x080057fd   Thumb Code     8  printfb.o(i.__0printf$bare)
    __1printf$bare                           0x080057fd   Thumb Code     0  printfb.o(i.__0printf$bare)
    __2printf                                0x080057fd   Thumb Code     0  printfb.o(i.__0printf$bare)
    __ARM_fpclassify                         0x0800580d   Thumb Code    40  fpclassify.o(i.__ARM_fpclassify)
    __ARM_fpclassifyf                        0x08005835   Thumb Code    38  fpclassifyf.o(i.__ARM_fpclassifyf)
    __kernel_poly                            0x0800585b   Thumb Code   170  poly.o(i.__kernel_poly)
    __mathlib_dbl_infnan                     0x08005905   Thumb Code     6  dunder.o(i.__mathlib_dbl_infnan)
    __mathlib_dbl_infnan2                    0x0800590b   Thumb Code     4  dunder.o(i.__mathlib_dbl_infnan2)
    __mathlib_dbl_invalid                    0x0800590f   Thumb Code    12  dunder.o(i.__mathlib_dbl_invalid)
    __mathlib_dbl_underflow                  0x0800591d   Thumb Code    10  dunder.o(i.__mathlib_dbl_underflow)
    __mathlib_flt_infnan                     0x0800592d   Thumb Code     6  funder.o(i.__mathlib_flt_infnan)
    __mathlib_flt_invalid                    0x08005933   Thumb Code     8  funder.o(i.__mathlib_flt_invalid)
    __mathlib_flt_underflow                  0x0800593b   Thumb Code    10  funder.o(i.__mathlib_flt_underflow)
    __mathlib_rredf2                         0x08005945   Thumb Code   344  rredf.o(i.__mathlib_rredf2)
    __scatterload_copy                       0x08005aad   Thumb Code    14  handlers.o(i.__scatterload_copy)
    __scatterload_null                       0x08005abb   Thumb Code     2  handlers.o(i.__scatterload_null)
    __scatterload_zeroinit                   0x08005abd   Thumb Code    14  handlers.o(i.__scatterload_zeroinit)
    __set_errno                              0x08005acd   Thumb Code     6  errno.o(i.__set_errno)
    asin                                     0x08005afd   Thumb Code   572  asin.o(i.asin)
    atan                                     0x08005d6d   Thumb Code   474  atan.o(i.atan)
    atan2                                    0x08005f8d   Thumb Code   346  atan2.o(i.atan2)
    cosf                                     0x0800610d   Thumb Code   328  cosf.o(i.cosf)
    fputc                                    0x08006289   Thumb Code    32  usart.o(i.fputc)
    main                                     0x080062f9   Thumb Code    12  main.o(i.main)
    sinf                                     0x08006305   Thumb Code   338  sinf.o(i.sinf)
    sqrt                                     0x0800648d   Thumb Code    76  sqrt.o(i.sqrt)
    usart_send                               0x080064d9   Thumb Code    42  usart.o(i.usart_send)
    __mathlib_zero                           0x08006618   Data           8  qnan.o(.constdata)
    Region$$Table$$Base                      0x08006640   Number         0  anon$$obj.o(Region$$Table)
    Region$$Table$$Limit                     0x08006660   Number         0  anon$$obj.o(Region$$Table)
    LED_Scan                                 0x20000000   Data           1  stm32f10x_it.o(.data)
    IMU_Scan                                 0x20000001   Data           1  stm32f10x_it.o(.data)
    MPU_Scan                                 0x20000002   Data           1  stm32f10x_it.o(.data)
    IRQ_Scan                                 0x20000003   Data           1  stm32f10x_it.o(.data)
    Batt_Scan                                0x20000004   Data           1  stm32f10x_it.o(.data)
    ANO_Scan                                 0x20000005   Data           1  stm32f10x_it.o(.data)
    Run_flag                                 0x200001d4   Data           1  led.o(.data)
    BAT                                      0x200001e0   Data          20  power.o(.data)
    BATT_LEDflag                             0x200001f4   Data           1  power.o(.data)
    SI24R1addr                               0x200001f7   Data           1  si24r1.o(.data)
    TX_ADDRESS                               0x200001f8   Data           5  si24r1.o(.data)
    RX_ADDRESS                               0x200001fd   Data           5  si24r1.o(.data)
    GYRO_OFFSET_RAW                          0x20000204   Data           6  mpu6050.o(.data)
    ACC_OFFSET_RAW                           0x2000020a   Data           6  mpu6050.o(.data)
    MPU6050_ACC_RAW                          0x20000210   Data           6  mpu6050.o(.data)
    MPU6050_GYRO_RAW                         0x20000216   Data           6  mpu6050.o(.data)
    SENSER_OFFSET_FLAG                       0x2000021c   Data           1  mpu6050.o(.data)
    AccbUpdate                               0x2000023c   Data           1  imu.o(.data)
    q0                                       0x20000240   Data           4  imu.o(.data)
    q1                                       0x20000244   Data           4  imu.o(.data)
    q2                                       0x20000248   Data           4  imu.o(.data)
    q3                                       0x2000024c   Data           4  imu.o(.data)
    exInt                                    0x20000250   Data           4  imu.o(.data)
    eyInt                                    0x20000254   Data           4  imu.o(.data)
    ezInt                                    0x20000258   Data           4  imu.o(.data)
    Pre_THROTTLE                             0x20000260   Data           4  control.o(.data)
    THROTTLE                                 0x20000264   Data           4  control.o(.data)
    Moto_PWM_1                               0x20000268   Data           4  control.o(.data)
    Moto_PWM_2                               0x2000026c   Data           4  control.o(.data)
    Moto_PWM_3                               0x20000270   Data           4  control.o(.data)
    Moto_PWM_4                               0x20000274   Data           4  control.o(.data)
    SI24R1_Controlflag                       0x20000278   Data           1  control.o(.data)
    Airplane_Enable                          0x20000279   Data           1  control.o(.data)
    flag                                     0x2000027c   Data           1  ano_dt.o(.data)
    DataID                                   0x20000286   Data           1  remotedata.o(.data)
    RC_Control                               0x20000288   Data           8  remotedata.o(.data)
    SystemCoreClock                          0x200002a8   Data           4  system_stm32f10x.o(.data)
    AHBPrescTable                            0x200002ac   Data          16  system_stm32f10x.o(.data)
    __stdout                                 0x200002c0   Data           4  stdout.o(.data)
    SI24R1_TX_DATA                           0x200002c8   Data          32  si24r1.o(.bss)
    SI24R1_RX_DATA                           0x200002e8   Data          32  si24r1.o(.bss)
    FBM                                      0x20000308   Data          64  fbm320.o(.bss)
    Att_Angle                                0x20000858   Data          12  imu.o(.bss)
    Gyr_rad                                  0x20000864   Data          12  imu.o(.bss)
    Gyr_radold                               0x20000870   Data          12  imu.o(.bss)
    Acc_filt                                 0x2000087c   Data          12  imu.o(.bss)
    Gry_filt                                 0x20000888   Data          12  imu.o(.bss)
    Acc_filtold                              0x20000894   Data          12  imu.o(.bss)
    accb                                     0x200008a0   Data          12  imu.o(.bss)
    DCMgb                                    0x200008ac   Data          36  imu.o(.bss)
    PID_ROL_Angle                            0x200008d0   Data          60  control.o(.bss)
    PID_PIT_Angle                            0x2000090c   Data          60  control.o(.bss)
    PID_YAW_Angle                            0x20000948   Data          60  control.o(.bss)
    PID_ROL_Rate                             0x20000984   Data          60  control.o(.bss)
    PID_PIT_Rate                             0x200009c0   Data          60  control.o(.bss)
    PID_YAW_Rate                             0x200009fc   Data          60  control.o(.bss)
    PID_ALT_Rate                             0x20000a38   Data          60  control.o(.bss)
    PID_ALT                                  0x20000a74   Data          60  control.o(.bss)
    PIDflash                                 0x20000ab0   Data          62  paramsave.o(.bss)
    f                                        0x20000aee   Data          10  ano_dt.o(.bss)
    data_to_send                             0x20000af8   Data          50  ano_dt.o(.bss)
    __initial_sp                             0x20000f60   Data           0  startup_stm32f10x_md.o(STACK)



==============================================================================

Memory Map of the image

  Image Entry point : 0x080000ed

  Load Region LR_IROM1 (Base: 0x08000000, Size: 0x00006928, Max: 0x00010000, ABSOLUTE, COMPRESSED[0x000066c8])

    Execution Region ER_IROM1 (Exec base: 0x08000000, Load base: 0x08000000, Size: 0x00006660, Max: 0x00010000, ABSOLUTE)

    Exec Addr    Load Addr    Size         Type   Attr      Idx    E Section Name        Object

    0x08000000   0x08000000   0x000000ec   Data   RO         3440    RESET               startup_stm32f10x_md.o
    0x080000ec   0x080000ec   0x00000000   Code   RO         3535  * .ARM.Collect$$$$00000000  mc_w.l(entry.o)
    0x080000ec   0x080000ec   0x00000004   Code   RO         3895    .ARM.Collect$$$$00000001  mc_w.l(entry2.o)
    0x080000f0   0x080000f0   0x00000004   Code   RO         3898    .ARM.Collect$$$$00000004  mc_w.l(entry5.o)
    0x080000f4   0x080000f4   0x00000000   Code   RO         3900    .ARM.Collect$$$$00000008  mc_w.l(entry7b.o)
    0x080000f4   0x080000f4   0x00000000   Code   RO         3902    .ARM.Collect$$$$0000000A  mc_w.l(entry8b.o)
    0x080000f4   0x080000f4   0x00000008   Code   RO         3903    .ARM.Collect$$$$0000000B  mc_w.l(entry9a.o)
    0x080000fc   0x080000fc   0x00000000   Code   RO         3905    .ARM.Collect$$$$0000000D  mc_w.l(entry10a.o)
    0x080000fc   0x080000fc   0x00000000   Code   RO         3907    .ARM.Collect$$$$0000000F  mc_w.l(entry11a.o)
    0x080000fc   0x080000fc   0x00000004   Code   RO         3896    .ARM.Collect$$$$00002712  mc_w.l(entry2.o)
    0x08000100   0x08000100   0x00000024   Code   RO         3441    .text               startup_stm32f10x_md.o
    0x08000124   0x08000124   0x00000024   Code   RO         3538    .text               mc_w.l(rand.o)
    0x08000148   0x08000148   0x00000024   Code   RO         3541    .text               mc_w.l(memcpya.o)
    0x0800016c   0x0800016c   0x000000b0   Code   RO         3805    .text               mf_w.l(fadd.o)
    0x0800021c   0x0800021c   0x00000064   Code   RO         3807    .text               mf_w.l(fmul.o)
    0x08000280   0x08000280   0x0000007c   Code   RO         3809    .text               mf_w.l(fdiv.o)
    0x080002fc   0x080002fc   0x000000e4   Code   RO         3811    .text               mf_w.l(dmul.o)
    0x080003e0   0x080003e0   0x00000012   Code   RO         3813    .text               mf_w.l(fflti.o)
    0x080003f2   0x080003f2   0x0000000a   Code   RO         3815    .text               mf_w.l(ffltui.o)
    0x080003fc   0x080003fc   0x00000022   Code   RO         3819    .text               mf_w.l(dflti.o)
    0x0800041e   0x0800041e   0x00000032   Code   RO         3821    .text               mf_w.l(ffixi.o)
    0x08000450   0x08000450   0x00000028   Code   RO         3823    .text               mf_w.l(ffixui.o)
    0x08000478   0x08000478   0x00000026   Code   RO         3827    .text               mf_w.l(f2d.o)
    0x0800049e   0x0800049e   0x00000002   PAD
    0x080004a0   0x080004a0   0x00000030   Code   RO         3829    .text               mf_w.l(cdcmple.o)
    0x080004d0   0x080004d0   0x00000038   Code   RO         3833    .text               mf_w.l(d2f.o)
    0x08000508   0x08000508   0x00000014   Code   RO         3835    .text               mf_w.l(cfcmple.o)
    0x0800051c   0x0800051c   0x00000014   Code   RO         3837    .text               mf_w.l(cfrcmple.o)
    0x08000530   0x08000530   0x0000001e   Code   RO         3914    .text               mc_w.l(llshl.o)
    0x0800054e   0x0800054e   0x00000000   Code   RO         3923    .text               mc_w.l(iusefp.o)
    0x0800054e   0x0800054e   0x0000006e   Code   RO         3924    .text               mf_w.l(fepilogue.o)
    0x080005bc   0x080005bc   0x00000018   Code   RO         3926    .text               mf_w.l(fscalb.o)
    0x080005d4   0x080005d4   0x0000003c   Code   RO         3928    .text               mf_w.l(frnd.o)
    0x08000610   0x08000610   0x000000ba   Code   RO         3930    .text               mf_w.l(depilogue.o)
    0x080006ca   0x080006ca   0x0000014e   Code   RO         3932    .text               mf_w.l(dadd.o)
    0x08000818   0x08000818   0x000000de   Code   RO         3934    .text               mf_w.l(ddiv.o)
    0x080008f6   0x080008f6   0x0000002e   Code   RO         3936    .text               mf_w.l(dscalb.o)
    0x08000924   0x08000924   0x00000024   Code   RO         3944    .text               mc_w.l(init.o)
    0x08000948   0x08000948   0x00000020   Code   RO         3946    .text               mc_w.l(llushr.o)
    0x08000968   0x08000968   0x00000024   Code   RO         3948    .text               mc_w.l(llsshr.o)
    0x0800098c   0x0800098c   0x000000a2   Code   RO         3950    .text               mf_w.l(dsqrt.o)
    0x08000a2e   0x08000a2e   0x00000056   Code   RO         3960    .text               mc_w.l(__dczerorl2.o)
    0x08000a84   0x08000a84   0x0000003e   Code   RO          236    i.ACC_Offset_LED    led.o
    0x08000ac2   0x08000ac2   0x00000016   Code   RO         1715    i.ADC_Cmd           stm32f10x_adc.o
    0x08000ad8   0x08000ad8   0x00000008   Code   RO         1724    i.ADC_GetConversionValue  stm32f10x_adc.o
    0x08000ae0   0x08000ae0   0x00000012   Code   RO         1726    i.ADC_GetFlagStatus  stm32f10x_adc.o
    0x08000af2   0x08000af2   0x00000002   PAD
    0x08000af4   0x08000af4   0x00000050   Code   RO         1733    i.ADC_Init          stm32f10x_adc.o
    0x08000b44   0x08000b44   0x000000b8   Code   RO         1737    i.ADC_RegularChannelConfig  stm32f10x_adc.o
    0x08000bfc   0x08000bfc   0x00000016   Code   RO         1740    i.ADC_SoftwareStartConvCmd  stm32f10x_adc.o
    0x08000c12   0x08000c12   0x00000002   PAD
    0x08000c14   0x08000c14   0x0000037c   Code   RO         1504    i.ANO_DT_Data_Exchange  ano_dt.o
    0x08000f90   0x08000f90   0x0000050c   Code   RO         1505    i.ANO_DT_Data_Receive_Anl  ano_dt.o
    0x0800149c   0x0800149c   0x000000e8   Code   RO         1506    i.ANO_DT_Data_Receive_Prepare  ano_dt.o
    0x08001584   0x08001584   0x00000048   Code   RO         1507    i.ANO_DT_Send_Check  ano_dt.o
    0x080015cc   0x080015cc   0x00000010   Code   RO         1508    i.ANO_DT_Send_Data  ano_dt.o
    0x080015dc   0x080015dc   0x0000020c   Code   RO         1510    i.ANO_DT_Send_PID   ano_dt.o
    0x080017e8   0x080017e8   0x00000094   Code   RO         1511    i.ANO_DT_Send_Power  ano_dt.o
    0x0800187c   0x0800187c   0x0000017c   Code   RO         1513    i.ANO_DT_Send_Senser  ano_dt.o
    0x080019f8   0x080019f8   0x00000148   Code   RO         1514    i.ANO_DT_Send_Status  ano_dt.o
    0x08001b40   0x08001b40   0x00000084   Code   RO         1147    i.Aver_Filter       filter.o
    0x08001bc4   0x08001bc4   0x00000030   Code   RO          238    i.BATT_Alarm_LED    led.o
    0x08001bf4   0x08001bf4   0x00000050   Code   RO          558    i.BATT_GetVoltage   power.o
    0x08001c44   0x08001c44   0x00000070   Code   RO          559    i.BATT_Init         power.o
    0x08001cb4   0x08001cb4   0x00000084   Code   RO         1606    i.Button_command    remotedata.o
    0x08001d38   0x08001d38   0x00000258   Code   RO         1323    i.Control           control.o
    0x08001f90   0x08001f90   0x0000023c   Code   RO         1515    i.Data_Send_AngleRate  ano_dt.o
    0x080021cc   0x080021cc   0x00000050   Code   RO         1428    i.DefaultParams     paramsave.o
    0x0800221c   0x0800221c   0x0000003c   Code   RO         1429    i.DefaultParams_WriteFlash  paramsave.o
    0x08002258   0x08002258   0x00000044   Code   RO          520    i.Delay_Init        delay.o
    0x0800229c   0x0800229c   0x00000048   Code   RO          521    i.Delay_ms          delay.o
    0x080022e4   0x080022e4   0x00000048   Code   RO          522    i.Delay_us          delay.o
    0x0800232c   0x0800232c   0x00000080   Code   RO          163    i.EXTI2_IRQHandler  stm32f10x_it.o
    0x080023ac   0x080023ac   0x0000000c   Code   RO         1944    i.EXTI_ClearITPendingBit  stm32f10x_exti.o
    0x080023b8   0x080023b8   0x00000028   Code   RO         1948    i.EXTI_GetITStatus  stm32f10x_exti.o
    0x080023e0   0x080023e0   0x00000094   Code   RO         1949    i.EXTI_Init         stm32f10x_exti.o
    0x08002474   0x08002474   0x00000050   Code   RO          742    i.Exit_Init         exit.o
    0x080024c4   0x080024c4   0x0000004c   Code   RO         2014    i.FLASH_ErasePage   stm32f10x_flash.o
    0x08002510   0x08002510   0x00000034   Code   RO         2015    i.FLASH_GetBank1Status  stm32f10x_flash.o
    0x08002544   0x08002544   0x00000014   Code   RO         2024    i.FLASH_Lock        stm32f10x_flash.o
    0x08002558   0x08002558   0x0000006c   Code   RO         2029    i.FLASH_ProgramWord  stm32f10x_flash.o
    0x080025c4   0x080025c4   0x00000018   Code   RO         2032    i.FLASH_Unlock      stm32f10x_flash.o
    0x080025dc   0x080025dc   0x00000026   Code   RO         2036    i.FLASH_WaitForLastOperation  stm32f10x_flash.o
    0x08002602   0x08002602   0x0000005a   Code   RO         1151    i.FindPos           filter.o
    0x0800265c   0x0800265c   0x00000040   Code   RO         2198    i.GPIO_EXTILineConfig  stm32f10x_gpio.o
    0x0800269c   0x0800269c   0x00000116   Code   RO         2201    i.GPIO_Init         stm32f10x_gpio.o
    0x080027b2   0x080027b2   0x00000004   Code   RO         2208    i.GPIO_ResetBits    stm32f10x_gpio.o
    0x080027b6   0x080027b6   0x00000004   Code   RO         2209    i.GPIO_SetBits      stm32f10x_gpio.o
    0x080027ba   0x080027ba   0x0000003e   Code   RO          239    i.GYRO_Offset_LED   led.o
    0x080027f8   0x080027f8   0x00000034   Code   RO          560    i.Get_BatteryAdc    power.o
    0x0800282c   0x0800282c   0x00000034   Code   RO          610    i.IIC_Ack           iic.o
    0x08002860   0x08002860   0x00000034   Code   RO          611    i.IIC_GPIO_Init     iic.o
    0x08002894   0x08002894   0x00000034   Code   RO          612    i.IIC_NAck          iic.o
    0x080028c8   0x080028c8   0x00000058   Code   RO          613    i.IIC_ReadByte      iic.o
    0x08002920   0x08002920   0x0000004a   Code   RO          614    i.IIC_ReadByteFromSlave  iic.o
    0x0800296a   0x0800296a   0x00000072   Code   RO          615    i.IIC_ReadMultByteFromSlave  iic.o
    0x080029dc   0x080029dc   0x0000005c   Code   RO          616    i.IIC_SendByte      iic.o
    0x08002a38   0x08002a38   0x00000034   Code   RO          617    i.IIC_Start         iic.o
    0x08002a6c   0x08002a6c   0x00000030   Code   RO          618    i.IIC_Stop          iic.o
    0x08002a9c   0x08002a9c   0x00000050   Code   RO          619    i.IIC_WaitAck       iic.o
    0x08002aec   0x08002aec   0x00000046   Code   RO          620    i.IIC_WriteByteToSlave  iic.o
    0x08002b32   0x08002b32   0x00000002   PAD
    0x08002b34   0x08002b34   0x00000618   Code   RO         1240    i.IMUupdate         imu.o
    0x0800314c   0x0800314c   0x00000040   Code   RO          240    i.LED_Init          led.o
    0x0800318c   0x0800318c   0x00000034   Code   RO          241    i.LED_Run           led.o
    0x080031c0   0x080031c0   0x000000a0   Code   RO          561    i.LowVoltage_Alarm  power.o
    0x08003260   0x08003260   0x00000118   Code   RO          872    i.MOTOR_Init        motor.o
    0x08003378   0x08003378   0x00000034   Code   RO         1020    i.MPU6050_Check     mpu6050.o
    0x080033ac   0x080033ac   0x0000004e   Code   RO         1022    i.MPU6050_Init      mpu6050.o
    0x080033fa   0x080033fa   0x00000002   PAD
    0x080033fc   0x080033fc   0x000000c0   Code   RO         1023    i.MPU6050_OffSet    mpu6050.o
    0x080034bc   0x080034bc   0x0000012c   Code   RO         1024    i.MPU6050_Offset    mpu6050.o
    0x080035e8   0x080035e8   0x00000014   Code   RO         1025    i.MPU6050_Read      mpu6050.o
    0x080035fc   0x080035fc   0x0000001a   Code   RO         1026    i.MPU6050_ReadByte  mpu6050.o
    0x08003616   0x08003616   0x0000001e   Code   RO         1027    i.MPU6050_ReadMultBytes  mpu6050.o
    0x08003634   0x08003634   0x0000001a   Code   RO         1029    i.MPU6050_WriteByte  mpu6050.o
    0x0800364e   0x0800364e   0x00000010   Code   RO         1031    i.MPU6050_getDeviceID  mpu6050.o
    0x0800365e   0x0800365e   0x00000012   Code   RO         1032    i.MPU6050_testConnection  mpu6050.o
    0x08003670   0x08003670   0x00000058   Code   RO          873    i.Moto_Pwm          motor.o
    0x080036c8   0x080036c8   0x00000070   Code   RO         1661    i.NVIC_Init         misc.o
    0x08003738   0x08003738   0x00000014   Code   RO         1662    i.NVIC_PriorityGroupConfig  misc.o
    0x0800374c   0x0800374c   0x0000005e   Code   RO          424    i.NvicConfig        nvic.o
    0x080037aa   0x080037aa   0x00000002   PAD
    0x080037ac   0x080037ac   0x000000e0   Code   RO         1287    i.PID_Postion_Cal   pid.o
    0x0800388c   0x0800388c   0x00000080   Code   RO         1431    i.PID_ReadFlash     paramsave.o
    0x0800390c   0x0800390c   0x0000003c   Code   RO         1432    i.PID_WriteFlash    paramsave.o
    0x08003948   0x08003948   0x00000244   Code   RO         1434    i.ParamsToTable     paramsave.o
    0x08003b8c   0x08003b8c   0x000000b0   Code   RO         1288    i.PidParameter_init  pid.o
    0x08003c3c   0x08003c3c   0x00000188   Code   RO         1241    i.Prepare_Data      imu.o
    0x08003dc4   0x08003dc4   0x00000038   Code   RO         1153    i.QuiteSort         filter.o
    0x08003dfc   0x08003dfc   0x00000018   Code   RO         2321    i.RCC_ADCCLKConfig  stm32f10x_rcc.o
    0x08003e14   0x08003e14   0x00000020   Code   RO         2323    i.RCC_APB1PeriphClockCmd  stm32f10x_rcc.o
    0x08003e34   0x08003e34   0x00000020   Code   RO         2325    i.RCC_APB2PeriphClockCmd  stm32f10x_rcc.o
    0x08003e54   0x08003e54   0x000000d4   Code   RO         2333    i.RCC_GetClocksFreq  stm32f10x_rcc.o
    0x08003f28   0x08003f28   0x0000001a   Code   RO          242    i.RGB_LED_Blue      led.o
    0x08003f42   0x08003f42   0x0000002a   Code   RO          244    i.RGB_LED_FLY       led.o
    0x08003f6c   0x08003f6c   0x0000001a   Code   RO          245    i.RGB_LED_Off       led.o
    0x08003f86   0x08003f86   0x0000001a   Code   RO          248    i.RGB_LED_Red       led.o
    0x08003fa0   0x08003fa0   0x000000b4   Code   RO          249    i.RGB_LED_Runing    led.o
    0x08004054   0x08004054   0x0000001a   Code   RO          253    i.RGB_LED_green     led.o
    0x0800406e   0x0800406e   0x00000028   Code   RO          254    i.RGB_WByte         led.o
    0x08004096   0x08004096   0x00000002   PAD
    0x08004098   0x08004098   0x00000094   Code   RO         1607    i.Remote_Data_ReceiveAnalysis  remotedata.o
    0x0800412c   0x0800412c   0x00000024   Code   RO          622    i.SDA_IN            iic.o
    0x08004150   0x08004150   0x0000002c   Code   RO          623    i.SDA_OUT           iic.o
    0x0800417c   0x0800417c   0x00000034   Code   RO          766    i.SI24R1_Check      si24r1.o
    0x080041b0   0x080041b0   0x00000088   Code   RO          767    i.SI24R1_Config     si24r1.o
    0x08004238   0x08004238   0x0000005c   Code   RO          768    i.SI24R1_GetAddr    si24r1.o
    0x08004294   0x08004294   0x00000088   Code   RO          769    i.SI24R1_Init       si24r1.o
    0x0800431c   0x0800431c   0x0000004c   Code   RO          770    i.SI24R1_Read_Buf   si24r1.o
    0x08004368   0x08004368   0x00000038   Code   RO          771    i.SI24R1_RxPacket   si24r1.o
    0x080043a0   0x080043a0   0x00000054   Code   RO         1608    i.SI24R1_SingalCheck  remotedata.o
    0x080043f4   0x080043f4   0x00000060   Code   RO          773    i.SI24R1_TxPacket   si24r1.o
    0x08004454   0x08004454   0x0000004c   Code   RO          774    i.SI24R1_Write_Buf  si24r1.o
    0x080044a0   0x080044a0   0x00000038   Code   RO          775    i.SI24R1_read_reg   si24r1.o
    0x080044d8   0x080044d8   0x0000004c   Code   RO          776    i.SI24R1_testConnection  si24r1.o
    0x08004524   0x08004524   0x00000038   Code   RO          777    i.SI24R1_write_reg  si24r1.o
    0x0800455c   0x0800455c   0x00000070   Code   RO          778    i.SI24R1set_Mode    si24r1.o
    0x080045cc   0x080045cc   0x00000038   Code   RO          712    i.SPI2_WriteReadByte  spi.o
    0x08004604   0x08004604   0x00000018   Code   RO         2538    i.SPI_Cmd           stm32f10x_spi.o
    0x0800461c   0x0800461c   0x00000080   Code   RO          713    i.SPI_GPIO_Init     spi.o
    0x0800469c   0x0800469c   0x00000012   Code   RO         2546    i.SPI_I2S_GetFlagStatus  stm32f10x_spi.o
    0x080046ae   0x080046ae   0x00000006   Code   RO         2549    i.SPI_I2S_ReceiveData  stm32f10x_spi.o
    0x080046b4   0x080046b4   0x00000004   Code   RO         2550    i.SPI_I2S_SendData  stm32f10x_spi.o
    0x080046b8   0x080046b8   0x0000003c   Code   RO         2551    i.SPI_Init          stm32f10x_spi.o
    0x080046f4   0x080046f4   0x00000020   Code   RO          448    i.STMFLASH_Read     flash.o
    0x08004714   0x08004714   0x00000006   Code   RO          449    i.STMFLASH_ReadWord  flash.o
    0x0800471a   0x0800471a   0x00000002   PAD
    0x0800471c   0x0800471c   0x00000088   Code   RO          450    i.STMFLASH_Write    flash.o
    0x080047a4   0x080047a4   0x00000114   Code   RO         1609    i.SendToRemote      remotedata.o
    0x080048b8   0x080048b8   0x00000008   Code   RO         3448    i.SetSysClock       system_stm32f10x.o
    0x080048c0   0x080048c0   0x000000e0   Code   RO         3449    i.SetSysClockTo72   system_stm32f10x.o
    0x080049a0   0x080049a0   0x0000011c   Code   RO         1156    i.SortAver_FilterXYZ  filter.o
    0x08004abc   0x08004abc   0x00000028   Code   RO         1665    i.SysTick_CLKSourceConfig  misc.o
    0x08004ae4   0x08004ae4   0x00000060   Code   RO         3451    i.SystemInit        system_stm32f10x.o
    0x08004b44   0x08004b44   0x0000005c   Code   RO          206    i.System_Init       system.o
    0x08004ba0   0x08004ba0   0x00000104   Code   RO          164    i.TIM4_IRQHandler   stm32f10x_it.o
    0x08004ca4   0x08004ca4   0x00000006   Code   RO         2700    i.TIM_ClearITPendingBit  stm32f10x_tim.o
    0x08004caa   0x08004caa   0x00000018   Code   RO         2705    i.TIM_Cmd           stm32f10x_tim.o
    0x08004cc2   0x08004cc2   0x00000022   Code   RO         2726    i.TIM_GetITStatus   stm32f10x_tim.o
    0x08004ce4   0x08004ce4   0x00000012   Code   RO         2730    i.TIM_ITConfig      stm32f10x_tim.o
    0x08004cf6   0x08004cf6   0x00000002   PAD
    0x08004cf8   0x08004cf8   0x00000044   Code   RO          400    i.TIM_Init          tim.o
    0x08004d3c   0x08004d3c   0x00000098   Code   RO         2734    i.TIM_OC1Init       stm32f10x_tim.o
    0x08004dd4   0x08004dd4   0x00000012   Code   RO         2737    i.TIM_OC1PreloadConfig  stm32f10x_tim.o
    0x08004de6   0x08004de6   0x00000002   PAD
    0x08004de8   0x08004de8   0x000000a4   Code   RO         2739    i.TIM_OC2Init       stm32f10x_tim.o
    0x08004e8c   0x08004e8c   0x0000001a   Code   RO         2742    i.TIM_OC2PreloadConfig  stm32f10x_tim.o
    0x08004ea6   0x08004ea6   0x00000002   PAD
    0x08004ea8   0x08004ea8   0x000000a0   Code   RO         2744    i.TIM_OC3Init       stm32f10x_tim.o
    0x08004f48   0x08004f48   0x00000012   Code   RO         2747    i.TIM_OC3PreloadConfig  stm32f10x_tim.o
    0x08004f5a   0x08004f5a   0x00000002   PAD
    0x08004f5c   0x08004f5c   0x0000007c   Code   RO         2749    i.TIM_OC4Init       stm32f10x_tim.o
    0x08004fd8   0x08004fd8   0x0000001a   Code   RO         2751    i.TIM_OC4PreloadConfig  stm32f10x_tim.o
    0x08004ff2   0x08004ff2   0x00000002   PAD
    0x08004ff4   0x08004ff4   0x000000a4   Code   RO         2776    i.TIM_TimeBaseInit  stm32f10x_tim.o
    0x08005098   0x08005098   0x00000258   Code   RO         1435    i.TableToParams     paramsave.o
    0x080052f0   0x080052f0   0x000000b4   Code   RO          207    i.Task_Schedule     system.o
    0x080053a4   0x080053a4   0x0000004c   Code   RO          165    i.USART1_IRQHandler  stm32f10x_it.o
    0x080053f0   0x080053f0   0x0000001e   Code   RO         3250    i.USART_ClearITPendingBit  stm32f10x_usart.o
    0x0800540e   0x0800540e   0x00000018   Code   RO         3253    i.USART_Cmd         stm32f10x_usart.o
    0x08005426   0x08005426   0x0000001a   Code   RO         3256    i.USART_GetFlagStatus  stm32f10x_usart.o
    0x08005440   0x08005440   0x00000054   Code   RO         3257    i.USART_GetITStatus  stm32f10x_usart.o
    0x08005494   0x08005494   0x0000004a   Code   RO         3259    i.USART_ITConfig    stm32f10x_usart.o
    0x080054de   0x080054de   0x00000002   PAD
    0x080054e0   0x080054e0   0x000000d8   Code   RO         3260    i.USART_Init        stm32f10x_usart.o
    0x080055b8   0x080055b8   0x00000008   Code   RO         3270    i.USART_SendData    stm32f10x_usart.o
    0x080055c0   0x080055c0   0x00000098   Code   RO          484    i.USART_init        usart.o
    0x08005658   0x08005658   0x00000020   Code   RO         1610    i.UnControl_Land    remotedata.o
    0x08005678   0x08005678   0x00000070   Code   RO          255    i.Write0            led.o
    0x080056e8   0x080056e8   0x00000078   Code   RO          256    i.Write1            led.o
    0x08005760   0x08005760   0x0000001c   Code   RO          257    i.Write24Bit        led.o
    0x0800577c   0x0800577c   0x00000080   Code   RO         1325    i.Yaw_Carefree      control.o
    0x080057fc   0x080057fc   0x00000010   Code   RO         3546    i.__0printf$bare    mc_w.l(printfb.o)
    0x0800580c   0x0800580c   0x00000028   Code   RO         3863    i.__ARM_fpclassify  m_ws.l(fpclassify.o)
    0x08005834   0x08005834   0x00000026   Code   RO         3865    i.__ARM_fpclassifyf  m_ws.l(fpclassifyf.o)
    0x0800585a   0x0800585a   0x000000aa   Code   RO         3881    i.__kernel_poly     m_ws.l(poly.o)
    0x08005904   0x08005904   0x00000006   Code   RO         3850    i.__mathlib_dbl_infnan  m_ws.l(dunder.o)
    0x0800590a   0x0800590a   0x00000004   Code   RO         3851    i.__mathlib_dbl_infnan2  m_ws.l(dunder.o)
    0x0800590e   0x0800590e   0x0000000c   Code   RO         3852    i.__mathlib_dbl_invalid  m_ws.l(dunder.o)
    0x0800591a   0x0800591a   0x00000002   PAD
    0x0800591c   0x0800591c   0x00000010   Code   RO         3855    i.__mathlib_dbl_underflow  m_ws.l(dunder.o)
    0x0800592c   0x0800592c   0x00000006   Code   RO         3868    i.__mathlib_flt_infnan  m_ws.l(funder.o)
    0x08005932   0x08005932   0x00000008   Code   RO         3870    i.__mathlib_flt_invalid  m_ws.l(funder.o)
    0x0800593a   0x0800593a   0x0000000a   Code   RO         3873    i.__mathlib_flt_underflow  m_ws.l(funder.o)
    0x08005944   0x08005944   0x00000168   Code   RO         3884    i.__mathlib_rredf2  m_ws.l(rredf.o)
    0x08005aac   0x08005aac   0x0000000e   Code   RO         3954    i.__scatterload_copy  mc_w.l(handlers.o)
    0x08005aba   0x08005aba   0x00000002   Code   RO         3955    i.__scatterload_null  mc_w.l(handlers.o)
    0x08005abc   0x08005abc   0x0000000e   Code   RO         3956    i.__scatterload_zeroinit  mc_w.l(handlers.o)
    0x08005aca   0x08005aca   0x00000002   PAD
    0x08005acc   0x08005acc   0x0000000c   Code   RO         3918    i.__set_errno       mc_w.l(errno.o)
    0x08005ad8   0x08005ad8   0x00000022   Code   RO         3553    i._printf_core      mc_w.l(printfb.o)
    0x08005afa   0x08005afa   0x00000002   PAD
    0x08005afc   0x08005afc   0x00000270   Code   RO         3492    i.asin              m_ws.l(asin.o)
    0x08005d6c   0x08005d6c   0x00000220   Code   RO         3840    i.atan              m_ws.l(atan.o)
    0x08005f8c   0x08005f8c   0x00000180   Code   RO         3502    i.atan2             m_ws.l(atan2.o)
    0x0800610c   0x0800610c   0x0000017c   Code   RO         3510    i.cosf              m_ws.l(cosf.o)
    0x08006288   0x08006288   0x00000024   Code   RO          485    i.fputc             usart.o
    0x080062ac   0x080062ac   0x0000004c   Code   RO         1242    i.invSqrt           imu.o
    0x080062f8   0x080062f8   0x0000000c   Code   RO            4    i.main              main.o
    0x08006304   0x08006304   0x00000188   Code   RO         3528    i.sinf              m_ws.l(sinf.o)
    0x0800648c   0x0800648c   0x0000004c   Code   RO         3888    i.sqrt              m_ws.l(sqrt.o)
    0x080064d8   0x080064d8   0x00000030   Code   RO          486    i.usart_send        usart.o
    0x08006508   0x08006508   0x00000024   Data   RO         1244    .constdata          imu.o
    0x0800652c   0x0800652c   0x00000004   PAD
    0x08006530   0x08006530   0x00000050   Data   RO         3493    .constdata          m_ws.l(asin.o)
    0x08006580   0x08006580   0x00000098   Data   RO         3841    .constdata          m_ws.l(atan.o)
    0x08006618   0x08006618   0x00000008   Data   RO         3883    .constdata          m_ws.l(qnan.o)
    0x08006620   0x08006620   0x00000020   Data   RO         3885    .constdata          m_ws.l(rredf.o)
    0x08006640   0x08006640   0x00000020   Data   RO         3952    Region$$Table       anon$$obj.o


    Execution Region RW_IRAM1 (Exec base: 0x20000000, Load base: 0x08006660, Size: 0x00000f60, Max: 0x00005000, ABSOLUTE, COMPRESSED[0x00000068])

    Exec Addr    Load Addr    Size         Type   Attr      Idx    E Section Name        Object

    0x20000000   COMPRESSED   0x00000012   Data   RW          166    .data               stm32f10x_it.o
    0x20000012   COMPRESSED   0x00000002   PAD
    0x20000014   COMPRESSED   0x000001c6   Data   RW          258    .data               led.o
    0x200001da   COMPRESSED   0x00000004   Data   RW          523    .data               delay.o
    0x200001de   COMPRESSED   0x00000002   PAD
    0x200001e0   COMPRESSED   0x00000017   Data   RW          562    .data               power.o
    0x200001f7   COMPRESSED   0x0000000d   Data   RW          780    .data               si24r1.o
    0x20000204   COMPRESSED   0x0000002a   Data   RW         1034    .data               mpu6050.o
    0x2000022e   COMPRESSED   0x0000000e   Data   RW         1159    .data               filter.o
    0x2000023c   COMPRESSED   0x00000021   Data   RW         1245    .data               imu.o
    0x2000025d   COMPRESSED   0x00000003   PAD
    0x20000260   COMPRESSED   0x0000001c   Data   RW         1328    .data               control.o
    0x2000027c   COMPRESSED   0x00000009   Data   RW         1518    .data               ano_dt.o
    0x20000285   COMPRESSED   0x00000001   PAD
    0x20000286   COMPRESSED   0x0000000c   Data   RW         1611    .data               remotedata.o
    0x20000292   COMPRESSED   0x00000014   Data   RW         2353    .data               stm32f10x_rcc.o
    0x200002a6   COMPRESSED   0x00000002   PAD
    0x200002a8   COMPRESSED   0x00000014   Data   RW         3452    .data               system_stm32f10x.o
    0x200002bc   COMPRESSED   0x00000004   Data   RW         3539    .data               mc_w.l(rand.o)
    0x200002c0   COMPRESSED   0x00000004   Data   RW         3909    .data               mc_w.l(stdout.o)
    0x200002c4   COMPRESSED   0x00000004   Data   RW         3919    .data               mc_w.l(errno.o)
    0x200002c8        -       0x00000040   Zero   RW          779    .bss                si24r1.o
    0x20000308        -       0x00000040   Zero   RW          918    .bss                fbm320.o
    0x20000348        -       0x0000000e   Zero   RW         1033    .bss                mpu6050.o
    0x20000356   COMPRESSED   0x00000002   PAD
    0x20000358        -       0x00000500   Zero   RW         1158    .bss                filter.o
    0x20000858        -       0x00000078   Zero   RW         1243    .bss                imu.o
    0x200008d0        -       0x000001e0   Zero   RW         1327    .bss                control.o
    0x20000ab0        -       0x0000003e   Zero   RW         1436    .bss                paramsave.o
    0x20000aee        -       0x0000006e   Zero   RW         1517    .bss                ano_dt.o
    0x20000b5c   COMPRESSED   0x00000004   PAD
    0x20000b60        -       0x00000400   Zero   RW         3438    STACK               startup_stm32f10x_md.o


==============================================================================

Image component sizes


      Code (inc. data)   RO Data    RW Data    ZI Data      Debug   Object Name

      4456        252          0          9        110       9506   ano_dt.o
       728         66          0         28        480       6835   control.o
       212         30          0          4          0       1531   delay.o
        80          6          0          0          0        484   exit.o
         0          0          0          0         64       4372   fbm320.o
       562         32          0         14       1280      11609   filter.o
       174         10          0          0          0       2221   flash.o
       854         52          0          0          0       7158   iic.o
      2028        116         36         33        120       7834   imu.o
       914         52          0        454          0       7793   led.o
        12          0          0          0          0     282812   main.o
       172         22          0          0          0       2297   misc.o
       368         16          0          0          0       1324   motor.o
       758         76          0         42         14      10153   mpu6050.o
        94          0          0          0          0        481   nvic.o
      1508        166          0          0         62       7319   paramsave.o
       400         62          0          0          0       1518   pid.o
       404         52          0         23          0       6321   power.o
       672         86          0         12          0       6874   remotedata.o
      1020        112          0         13         64       7664   si24r1.o
       184         14          0          0          0       1061   spi.o
        36          8        236          0       1024        792   startup_stm32f10x_md.o
       334         10          0          0          0       6208   stm32f10x_adc.o
       200         18          0          0          0       2352   stm32f10x_exti.o
       318         32          0          0          0       5242   stm32f10x_flash.o
       350          4          0          0          0       3938   stm32f10x_gpio.o
       464         68          0         18          0       2030   stm32f10x_it.o
       300         38          0         20          0       5261   stm32f10x_rcc.o
       112          0          0          0          0       4166   stm32f10x_spi.o
       934         92          0          0          0       9466   stm32f10x_tim.o
       462          6          0          0          0       6679   stm32f10x_usart.o
       272         66          0          0          0        982   system.o
       328         28          0         20          0       2189   system_stm32f10x.o
        68          6          0          0          0        451   tim.o
       236         20          0          0          0       2030   usart.o

    ----------------------------------------------------------------------
     20040       1618        308        700       3224     438953   Object Totals
         0          0         32          0          0          0   (incl. Generated)
        26          0          4         10          6          0   (incl. Padding)

    ----------------------------------------------------------------------

      Code (inc. data)   RO Data    RW Data    ZI Data      Debug   Library Member Name

       624         52         80          0          0        168   asin.o
       544         70        152          0          0        124   atan.o
       384         38          0          0          0        144   atan2.o
       380         52          0          0          0        124   cosf.o
        38          6          0          0          0        272   dunder.o
        40          0          0          0          0         68   fpclassify.o
        38          0          0          0          0         68   fpclassifyf.o
        24          0          0          0          0        204   funder.o
       170          0          0          0          0         96   poly.o
         0          0          8          0          0          0   qnan.o
       360         16         32          0          0         88   rredf.o
       392         54          0          0          0        124   sinf.o
        76          0          0          0          0         84   sqrt.o
        86          0          0          0          0          0   __dczerorl2.o
         0          0          0          0          0          0   entry.o
         0          0          0          0          0          0   entry10a.o
         0          0          0          0          0          0   entry11a.o
         8          4          0          0          0          0   entry2.o
         4          0          0          0          0          0   entry5.o
         0          0          0          0          0          0   entry7b.o
         0          0          0          0          0          0   entry8b.o
         8          4          0          0          0          0   entry9a.o
        12          6          0          4          0         68   errno.o
        30          0          0          0          0          0   handlers.o
        36          8          0          0          0         68   init.o
         0          0          0          0          0          0   iusefp.o
        30          0          0          0          0         68   llshl.o
        36          0          0          0          0         68   llsshr.o
        32          0          0          0          0         68   llushr.o
        36          0          0          0          0         68   memcpya.o
        50          8          0          0          0        152   printfb.o
        36         10          0          4          0        136   rand.o
         0          0          0          4          0          0   stdout.o
        48          0          0          0          0         68   cdcmple.o
        20          0          0          0          0         68   cfcmple.o
        20          0          0          0          0         68   cfrcmple.o
        56          0          0          0          0         88   d2f.o
       334          0          0          0          0        148   dadd.o
       222          0          0          0          0        100   ddiv.o
       186          0          0          0          0        176   depilogue.o
        34          0          0          0          0         76   dflti.o
       228          0          0          0          0         96   dmul.o
        46          0          0          0          0         80   dscalb.o
       162          0          0          0          0        100   dsqrt.o
        38          0          0          0          0         68   f2d.o
       176          0          0          0          0        140   fadd.o
       124          0          0          0          0         88   fdiv.o
       110          0          0          0          0        168   fepilogue.o
        50          0          0          0          0         68   ffixi.o
        40          0          0          0          0         68   ffixui.o
        18          0          0          0          0         68   fflti.o
        10          0          0          0          0         68   ffltui.o
       100          0          0          0          0         76   fmul.o
        60          0          0          0          0         76   frnd.o
        24          0          0          0          0         68   fscalb.o

    ----------------------------------------------------------------------
      5588        328        272         12          0       4284   Library Totals
         8          0          0          0          0          0   (incl. Padding)

    ----------------------------------------------------------------------

      Code (inc. data)   RO Data    RW Data    ZI Data      Debug   Library Name

      3070        288        272          0          0       1564   m_ws.l
       404         40          0         12          0        696   mc_w.l
      2106          0          0          0          0       2024   mf_w.l

    ----------------------------------------------------------------------
      5588        328        272         12          0       4284   Library Totals

    ----------------------------------------------------------------------

==============================================================================


      Code (inc. data)   RO Data    RW Data    ZI Data      Debug   

     25628       1946        580        712       3224     432757   Grand Totals
     25628       1946        580        104       3224     432757   ELF Image Totals (compressed)
     25628       1946        580        104          0          0   ROM Totals

==============================================================================

    Total RO  Size (Code + RO Data)                26208 (  25.59kB)
    Total RW  Size (RW Data + ZI Data)              3936 (   3.84kB)
    Total ROM Size (Code + RO Data + RW Data)      26312 (  25.70kB)

==============================================================================

